Component: ARM Compiler 5.06 update 6 (build 750) Tool: armlink [4d35ed]

==============================================================================

Section Cross References

    startup_stm32f10x_hd.o(RESET) refers to startup_stm32f10x_hd.o(STACK) for __initial_sp
    startup_stm32f10x_hd.o(RESET) refers to startup_stm32f10x_hd.o(.text) for Reset_Handler
    startup_stm32f10x_hd.o(RESET) refers to stm32f10x_it.o(i.NMI_Handler) for NMI_Handler
    startup_stm32f10x_hd.o(RESET) refers to stm32f10x_it.o(i.HardFault_Handler) for HardFault_Handler
    startup_stm32f10x_hd.o(RESET) refers to stm32f10x_it.o(i.MemManage_Handler) for MemManage_Handler
    startup_stm32f10x_hd.o(RESET) refers to stm32f10x_it.o(i.BusFault_Handler) for BusFault_Handler
    startup_stm32f10x_hd.o(RESET) refers to stm32f10x_it.o(i.UsageFault_Handler) for UsageFault_Handler
    startup_stm32f10x_hd.o(RESET) refers to stm32f10x_it.o(i.SVC_Handler) for SVC_Handler
    startup_stm32f10x_hd.o(RESET) refers to stm32f10x_it.o(i.DebugMon_Handler) for DebugMon_Handler
    startup_stm32f10x_hd.o(RESET) refers to stm32f10x_it.o(i.PendSV_Handler) for PendSV_Handler
    startup_stm32f10x_hd.o(RESET) refers to stm32f10x_it.o(i.SysTick_Handler) for SysTick_Handler
    startup_stm32f10x_hd.o(RESET) refers to stm32f10x_it.o(i.EXTI0_IRQHandler) for EXTI0_IRQHandler
    startup_stm32f10x_hd.o(RESET) refers to stm32f10x_it.o(i.EXTI15_10_IRQHandler) for EXTI15_10_IRQHandler
    startup_stm32f10x_hd.o(.text) refers to system_stm32f10x.o(i.SystemInit) for SystemInit
    startup_stm32f10x_hd.o(.text) refers to entry.o(.ARM.Collect$$$$00000000) for __main
    system_stm32f10x.o(i.SetSysClock) refers to system_stm32f10x.o(i.SetSysClockTo72) for SetSysClockTo72
    system_stm32f10x.o(i.SystemCoreClockUpdate) refers to system_stm32f10x.o(.data) for SystemCoreClock
    system_stm32f10x.o(i.SystemInit) refers to system_stm32f10x.o(i.SetSysClock) for SetSysClock
    misc.o(i.NVIC_Init) refers to main.o(i.assert_failed) for assert_failed
    misc.o(i.NVIC_PriorityGroupConfig) refers to main.o(i.assert_failed) for assert_failed
    misc.o(i.NVIC_SetVectorTable) refers to main.o(i.assert_failed) for assert_failed
    misc.o(i.NVIC_SystemLPConfig) refers to main.o(i.assert_failed) for assert_failed
    misc.o(i.SysTick_CLKSourceConfig) refers to main.o(i.assert_failed) for assert_failed
    stm32f10x_adc.o(i.ADC_AnalogWatchdogCmd) refers to main.o(i.assert_failed) for assert_failed
    stm32f10x_adc.o(i.ADC_AnalogWatchdogSingleChannelConfig) refers to main.o(i.assert_failed) for assert_failed
    stm32f10x_adc.o(i.ADC_AnalogWatchdogThresholdsConfig) refers to main.o(i.assert_failed) for assert_failed
    stm32f10x_adc.o(i.ADC_AutoInjectedConvCmd) refers to main.o(i.assert_failed) for assert_failed
    stm32f10x_adc.o(i.ADC_ClearFlag) refers to main.o(i.assert_failed) for assert_failed
    stm32f10x_adc.o(i.ADC_ClearITPendingBit) refers to main.o(i.assert_failed) for assert_failed
    stm32f10x_adc.o(i.ADC_Cmd) refers to main.o(i.assert_failed) for assert_failed
    stm32f10x_adc.o(i.ADC_DMACmd) refers to main.o(i.assert_failed) for assert_failed
    stm32f10x_adc.o(i.ADC_DeInit) refers to main.o(i.assert_failed) for assert_failed
    stm32f10x_adc.o(i.ADC_DeInit) refers to stm32f10x_rcc.o(i.RCC_APB2PeriphResetCmd) for RCC_APB2PeriphResetCmd
    stm32f10x_adc.o(i.ADC_DiscModeChannelCountConfig) refers to main.o(i.assert_failed) for assert_failed
    stm32f10x_adc.o(i.ADC_DiscModeCmd) refers to main.o(i.assert_failed) for assert_failed
    stm32f10x_adc.o(i.ADC_ExternalTrigConvCmd) refers to main.o(i.assert_failed) for assert_failed
    stm32f10x_adc.o(i.ADC_ExternalTrigInjectedConvCmd) refers to main.o(i.assert_failed) for assert_failed
    stm32f10x_adc.o(i.ADC_ExternalTrigInjectedConvConfig) refers to main.o(i.assert_failed) for assert_failed
    stm32f10x_adc.o(i.ADC_GetCalibrationStatus) refers to main.o(i.assert_failed) for assert_failed
    stm32f10x_adc.o(i.ADC_GetConversionValue) refers to main.o(i.assert_failed) for assert_failed
    stm32f10x_adc.o(i.ADC_GetFlagStatus) refers to main.o(i.assert_failed) for assert_failed
    stm32f10x_adc.o(i.ADC_GetITStatus) refers to main.o(i.assert_failed) for assert_failed
    stm32f10x_adc.o(i.ADC_GetInjectedConversionValue) refers to main.o(i.assert_failed) for assert_failed
    stm32f10x_adc.o(i.ADC_GetResetCalibrationStatus) refers to main.o(i.assert_failed) for assert_failed
    stm32f10x_adc.o(i.ADC_GetSoftwareStartConvStatus) refers to main.o(i.assert_failed) for assert_failed
    stm32f10x_adc.o(i.ADC_GetSoftwareStartInjectedConvCmdStatus) refers to main.o(i.assert_failed) for assert_failed
    stm32f10x_adc.o(i.ADC_ITConfig) refers to main.o(i.assert_failed) for assert_failed
    stm32f10x_adc.o(i.ADC_Init) refers to main.o(i.assert_failed) for assert_failed
    stm32f10x_adc.o(i.ADC_InjectedChannelConfig) refers to main.o(i.assert_failed) for assert_failed
[...]
    printf0.o(i.__0vfprintf$0) refers to printf0.o(i._printf_core) for _printf_core
    printf0.o(i.__0vfprintf$0) refers to bsp_usart.o(i.fputc) for fputc
    printf0.o(i.__0vprintf$0) refers to printf0.o(i._printf_core) for _printf_core
    printf0.o(i.__0vprintf$0) refers to bsp_usart.o(i.fputc) for fputc
    printf0.o(i.__0vprintf$0) refers to stdout.o(.data) for __stdout
    printf0.o(i.__0vsnprintf$0) refers to printf0.o(i._printf_core) for _printf_core
    printf0.o(i.__0vsnprintf$0) refers to printf0.o(i._snputc) for _snputc
    printf0.o(i.__0vsprintf$0) refers to printf0.o(i._printf_core) for _printf_core
    printf0.o(i.__0vsprintf$0) refers to printf0.o(i._sputc) for _sputc
    printf1.o(i.__0fprintf$1) refers to printf1.o(i._printf_core) for _printf_core
    printf1.o(i.__0fprintf$1) refers to bsp_usart.o(i.fputc) for fputc
    printf1.o(i.__0printf$1) refers to printf1.o(i._printf_core) for _printf_core
    printf1.o(i.__0printf$1) refers to bsp_usart.o(i.fputc) for fputc
    printf1.o(i.__0printf$1) refers to stdout.o(.data) for __stdout
    printf1.o(i.__0snprintf$1) refers to printf1.o(i._printf_core) for _printf_core
    printf1.o(i.__0snprintf$1) refers to printf1.o(i._snputc) for _snputc
    printf1.o(i.__0sprintf$1) refers to printf1.o(i._printf_core) for _printf_core
    printf1.o(i.__0sprintf$1) refers to printf1.o(i._sputc) for _sputc
    printf1.o(i.__0vfprintf$1) refers to printf1.o(i._printf_core) for _printf_core
    printf1.o(i.__0vfprintf$1) refers to bsp_usart.o(i.fputc) for fputc
    printf1.o(i.__0vprintf$1) refers to printf1.o(i._printf_core) for _printf_core
    printf1.o(i.__0vprintf$1) refers to bsp_usart.o(i.fputc) for fputc
    printf1.o(i.__0vprintf$1) refers to stdout.o(.data) for __stdout
    printf1.o(i.__0vsnprintf$1) refers to printf1.o(i._printf_core) for _printf_core
    printf1.o(i.__0vsnprintf$1) refers to printf1.o(i._snputc) for _snputc
    printf1.o(i.__0vsprintf$1) refers to printf1.o(i._printf_core) for _printf_core
    printf1.o(i.__0vsprintf$1) refers to printf1.o(i._sputc) for _sputc
    printf1.o(i._printf_core) refers to uidiv.o(.text) for __aeabi_uidivmod
    printf2.o(i.__0fprintf$2) refers to printf2.o(i._printf_core) for _printf_core
    printf2.o(i.__0fprintf$2) refers to bsp_usart.o(i.fputc) for fputc
    printf2.o(i.__0printf$2) refers to printf2.o(i._printf_core) for _printf_core
    printf2.o(i.__0printf$2) refers to bsp_usart.o(i.fputc) for fputc
    printf2.o(i.__0printf$2) refers to stdout.o(.data) for __stdout
    printf2.o(i.__0snprintf$2) refers to printf2.o(i._printf_core) for _printf_core
    printf2.o(i.__0snprintf$2) refers to printf2.o(i._snputc) for _snputc
    printf2.o(i.__0sprintf$2) refers to printf2.o(i._printf_core) for _printf_core
    printf2.o(i.__0sprintf$2) refers to printf2.o(i._sputc) for _sputc
    printf2.o(i.__0vfprintf$2) refers to printf2.o(i._printf_core) for _printf_core
    printf2.o(i.__0vfprintf$2) refers to bsp_usart.o(i.fputc) for fputc
    printf2.o(i.__0vprintf$2) refers to printf2.o(i._printf_core) for _printf_core
    printf2.o(i.__0vprintf$2) refers to bsp_usart.o(i.fputc) for fputc
    printf2.o(i.__0vprintf$2) refers to stdout.o(.data) for __stdout
    printf2.o(i.__0vsnprintf$2) refers to printf2.o(i._printf_core) for _printf_core
    printf2.o(i.__0vsnprintf$2) refers to printf2.o(i._snputc) for _snputc
    printf2.o(i.__0vsprintf$2) refers to printf2.o(i._printf_core) for _printf_core
    printf2.o(i.__0vsprintf$2) refers to printf2.o(i._sputc) for _sputc
    printf3.o(i.__0fprintf$3) refers to printf3.o(i._printf_core) for _printf_core
    printf3.o(i.__0fprintf$3) refers to bsp_usart.o(i.fputc) for fputc
    printf3.o(i.__0printf$3) refers to printf3.o(i._printf_core) for _printf_core
    printf3.o(i.__0printf$3) refers to bsp_usart.o(i.fputc) for fputc
    printf3.o(i.__0printf$3) refers to stdout.o(.data) for __stdout
    printf3.o(i.__0snprintf$3) refers to printf3.o(i._printf_core) for _printf_core
    printf3.o(i.__0snprintf$3) refers to printf3.o(i._snputc) for _snputc
    printf3.o(i.__0sprintf$3) refers to printf3.o(i._printf_core) for _printf_core
    printf3.o(i.__0sprintf$3) refers to printf3.o(i._sputc) for _sputc
    printf3.o(i.__0vfprintf$3) refers to printf3.o(i._printf_core) for _printf_core
    printf3.o(i.__0vfprintf$3) refers to bsp_usart.o(i.fputc) for fputc
    printf3.o(i.__0vprintf$3) refers to printf3.o(i._printf_core) for _printf_core
    printf3.o(i.__0vprintf$3) refers to bsp_usart.o(i.fputc) for fputc
    printf3.o(i.__0vprintf$3) refers to stdout.o(.data) for __stdout
    printf3.o(i.__0vsnprintf$3) refers to printf3.o(i._printf_core) for _printf_core
    printf3.o(i.__0vsnprintf$3) refers to printf3.o(i._snputc) for _snputc
    printf3.o(i.__0vsprintf$3) refers to printf3.o(i._printf_core) for _printf_core
    printf3.o(i.__0vsprintf$3) refers to printf3.o(i._sputc) for _sputc
    printf3.o(i._printf_core) refers to uidiv.o(.text) for __aeabi_uidivmod
    printf4.o(i.__0fprintf$4) refers to printf4.o(i._printf_core) for _printf_core
    printf4.o(i.__0fprintf$4) refers to bsp_usart.o(i.fputc) for fputc
    printf4.o(i.__0printf$4) refers to printf4.o(i._printf_core) for _printf_core
    printf4.o(i.__0printf$4) refers to bsp_usart.o(i.fputc) for fputc
    printf4.o(i.__0printf$4) refers to stdout.o(.data) for __stdout
    printf4.o(i.__0snprintf$4) refers to printf4.o(i._printf_core) for _printf_core
    printf4.o(i.__0snprintf$4) refers to printf4.o(i._snputc) for _snputc
    printf4.o(i.__0sprintf$4) refers to printf4.o(i._printf_core) for _printf_core
    printf4.o(i.__0sprintf$4) refers to printf4.o(i._sputc) for _sputc
    printf4.o(i.__0vfprintf$4) refers to printf4.o(i._printf_core) for _printf_core
    printf4.o(i.__0vfprintf$4) refers to bsp_usart.o(i.fputc) for fputc
    printf4.o(i.__0vprintf$4) refers to printf4.o(i._printf_core) for _printf_core
    printf4.o(i.__0vprintf$4) refers to bsp_usart.o(i.fputc) for fputc
    printf4.o(i.__0vprintf$4) refers to stdout.o(.data) for __stdout
    printf4.o(i.__0vsnprintf$4) refers to printf4.o(i._printf_core) for _printf_core
    printf4.o(i.__0vsnprintf$4) refers to printf4.o(i._snputc) for _snputc
    printf4.o(i.__0vsprintf$4) refers to printf4.o(i._printf_core) for _printf_core
    printf4.o(i.__0vsprintf$4) refers to printf4.o(i._sputc) for _sputc
    printf4.o(i._printf_core) refers to uldiv.o(.text) for __aeabi_uldivmod
    printf5.o(i.__0fprintf$5) refers to printf5.o(i._printf_core) for _printf_core
    printf5.o(i.__0fprintf$5) refers to bsp_usart.o(i.fputc) for fputc
    printf5.o(i.__0printf$5) refers to printf5.o(i._printf_core) for _printf_core
    printf5.o(i.__0printf$5) refers to bsp_usart.o(i.fputc) for fputc
    printf5.o(i.__0printf$5) refers to stdout.o(.data) for __stdout
    printf5.o(i.__0snprintf$5) refers to printf5.o(i._printf_core) for _printf_core
    printf5.o(i.__0snprintf$5) refers to printf5.o(i._snputc) for _snputc
    printf5.o(i.__0sprintf$5) refers to printf5.o(i._printf_core) for _printf_core
    printf5.o(i.__0sprintf$5) refers to printf5.o(i._sputc) for _sputc
    printf5.o(i.__0vfprintf$5) refers to printf5.o(i._printf_core) for _printf_core
    printf5.o(i.__0vfprintf$5) refers to bsp_usart.o(i.fputc) for fputc
    printf5.o(i.__0vprintf$5) refers to printf5.o(i._printf_core) for _printf_core
    printf5.o(i.__0vprintf$5) refers to bsp_usart.o(i.fputc) for fputc
    printf5.o(i.__0vprintf$5) refers to stdout.o(.data) for __stdout
    printf5.o(i.__0vsnprintf$5) refers to printf5.o(i._printf_core) for _printf_core
    printf5.o(i.__0vsnprintf$5) refers to printf5.o(i._snputc) for _snputc
    printf5.o(i.__0vsprintf$5) refers to printf5.o(i._printf_core) for _printf_core
    printf5.o(i.__0vsprintf$5) refers to printf5.o(i._sputc) for _sputc
    printf5.o(i._printf_core) refers to uldiv.o(.text) for __aeabi_uldivmod
    printf6.o(i.__0fprintf$6) refers to printf6.o(i._printf_core) for _printf_core
    printf6.o(i.__0fprintf$6) refers to bsp_usart.o(i.fputc) for fputc
    printf6.o(i.__0printf$6) refers to printf6.o(i._printf_core) for _printf_core
    printf6.o(i.__0printf$6) refers to bsp_usart.o(i.fputc) for fputc
    printf6.o(i.__0printf$6) refers to stdout.o(.data) for __stdout
    printf6.o(i.__0snprintf$6) refers to printf6.o(i._printf_core) for _printf_core
    printf6.o(i.__0snprintf$6) refers to printf6.o(i._snputc) for _snputc
    printf6.o(i.__0sprintf$6) refers to printf6.o(i._printf_core) for _printf_core
    printf6.o(i.__0sprintf$6) refers to printf6.o(i._sputc) for _sputc
    printf6.o(i.__0vfprintf$6) refers to printf6.o(i._printf_core) for _printf_core
    printf6.o(i.__0vfprintf$6) refers to bsp_usart.o(i.fputc) for fputc
    printf6.o(i.__0vprintf$6) refers to printf6.o(i._printf_core) for _printf_core
    printf6.o(i.__0vprintf$6) refers to bsp_usart.o(i.fputc) for fputc
    printf6.o(i.__0vprintf$6) refers to stdout.o(.data) for __stdout
    printf6.o(i.__0vsnprintf$6) refers to printf6.o(i._printf_core) for _printf_core
    printf6.o(i.__0vsnprintf$6) refers to printf6.o(i._snputc) for _snputc
    printf6.o(i.__0vsprintf$6) refers to printf6.o(i._printf_core) for _printf_core
    printf6.o(i.__0vsprintf$6) refers to printf6.o(i._sputc) for _sputc
    printf6.o(i._printf_core) refers to printf6.o(i._printf_pre_padding) for _printf_pre_padding
    printf6.o(i._printf_core) refers to uidiv.o(.text) for __aeabi_uidivmod
    printf6.o(i._printf_core) refers to printf6.o(i._printf_post_padding) for _printf_post_padding
    printf7.o(i.__0fprintf$7) refers to printf7.o(i._printf_core) for _printf_core
    printf7.o(i.__0fprintf$7) refers to bsp_usart.o(i.fputc) for fputc
    printf7.o(i.__0printf$7) refers to printf7.o(i._printf_core) for _printf_core
    printf7.o(i.__0printf$7) refers to bsp_usart.o(i.fputc) for fputc
    printf7.o(i.__0printf$7) refers to stdout.o(.data) for __stdout
    printf7.o(i.__0snprintf$7) refers to printf7.o(i._printf_core) for _printf_core
    printf7.o(i.__0snprintf$7) refers to printf7.o(i._snputc) for _snputc
    printf7.o(i.__0sprintf$7) refers to printf7.o(i._printf_core) for _printf_core
    printf7.o(i.__0sprintf$7) refers to printf7.o(i._sputc) for _sputc
    printf7.o(i.__0vfprintf$7) refers to printf7.o(i._printf_core) for _printf_core
    printf7.o(i.__0vfprintf$7) refers to bsp_usart.o(i.fputc) for fputc
    printf7.o(i.__0vprintf$7) refers to printf7.o(i._printf_core) for _printf_core
    printf7.o(i.__0vprintf$7) refers to bsp_usart.o(i.fputc) for fputc
    printf7.o(i.__0vprintf$7) refers to stdout.o(.data) for __stdout
    printf7.o(i.__0vsnprintf$7) refers to printf7.o(i._printf_core) for _printf_core
    printf7.o(i.__0vsnprintf$7) refers to printf7.o(i._snputc) for _snputc
    printf7.o(i.__0vsprintf$7) refers to printf7.o(i._printf_core) for _printf_core
    printf7.o(i.__0vsprintf$7) refers to printf7.o(i._sputc) for _sputc
    printf7.o(i._printf_core) refers to printf7.o(i._printf_pre_padding) for _printf_pre_padding
    printf7.o(i._printf_core) refers to uldiv.o(.text) for __aeabi_uldivmod
    printf7.o(i._printf_core) refers to printf7.o(i._printf_post_padding) for _printf_post_padding
    printf8.o(i.__0fprintf$8) refers to printf8.o(i._printf_core) for _printf_core
    printf8.o(i.__0fprintf$8) refers to bsp_usart.o(i.fputc) for fputc
    printf8.o(i.__0printf$8) refers to printf8.o(i._printf_core) for _printf_core
    printf8.o(i.__0printf$8) refers to bsp_usart.o(i.fputc) for fputc
    printf8.o(i.__0printf$8) refers to stdout.o(.data) for __stdout
    printf8.o(i.__0snprintf$8) refers to printf8.o(i._printf_core) for _printf_core
    printf8.o(i.__0snprintf$8) refers to printf8.o(i._snputc) for _snputc
    printf8.o(i.__0sprintf$8) refers to printf8.o(i._printf_core) for _printf_core
    printf8.o(i.__0sprintf$8) refers to printf8.o(i._sputc) for _sputc
    printf8.o(i.__0vfprintf$8) refers to printf8.o(i._printf_core) for _printf_core
    printf8.o(i.__0vfprintf$8) refers to bsp_usart.o(i.fputc) for fputc
    printf8.o(i.__0vprintf$8) refers to printf8.o(i._printf_core) for _printf_core
    printf8.o(i.__0vprintf$8) refers to bsp_usart.o(i.fputc) for fputc
    printf8.o(i.__0vprintf$8) refers to stdout.o(.data) for __stdout
    printf8.o(i.__0vsnprintf$8) refers to printf8.o(i._printf_core) for _printf_core
    printf8.o(i.__0vsnprintf$8) refers to printf8.o(i._snputc) for _snputc
    printf8.o(i.__0vsprintf$8) refers to printf8.o(i._printf_core) for _printf_core
    printf8.o(i.__0vsprintf$8) refers to printf8.o(i._sputc) for _sputc
    printf8.o(i._printf_core) refers to printf8.o(i._printf_pre_padding) for _printf_pre_padding
    printf8.o(i._printf_core) refers to uldiv.o(.text) for __aeabi_uldivmod
    printf8.o(i._printf_core) refers to printf8.o(i._printf_post_padding) for _printf_post_padding
    printfa.o(i.__0fprintf) refers (Special) to iusefp.o(.text) for __I$use$fp
    printfa.o(i.__0fprintf) refers to printfa.o(i._printf_core) for _printf_core
    printfa.o(i.__0fprintf) refers to bsp_usart.o(i.fputc) for fputc
    printfa.o(i.__0printf) refers (Special) to iusefp.o(.text) for __I$use$fp
    printfa.o(i.__0printf) refers to printfa.o(i._printf_core) for _printf_core
    printfa.o(i.__0printf) refers to bsp_usart.o(i.fputc) for fputc
    printfa.o(i.__0printf) refers to stdout.o(.data) for __stdout
    printfa.o(i.__0snprintf) refers (Special) to iusefp.o(.text) for __I$use$fp
    printfa.o(i.__0snprintf) refers to printfa.o(i._printf_core) for _printf_core
    printfa.o(i.__0snprintf) refers to printfa.o(i._snputc) for _snputc
    printfa.o(i.__0sprintf) refers (Special) to iusefp.o(.text) for __I$use$fp
    printfa.o(i.__0sprintf) refers to printfa.o(i._printf_core) for _printf_core
    printfa.o(i.__0sprintf) refers to printfa.o(i._sputc) for _sputc
    printfa.o(i.__0vfprintf) refers (Special) to iusefp.o(.text) for __I$use$fp
    printfa.o(i.__0vfprintf) refers to printfa.o(i._printf_core) for _printf_core
    printfa.o(i.__0vfprintf) refers to bsp_usart.o(i.fputc) for fputc
    printfa.o(i.__0vprintf) refers (Special) to iusefp.o(.text) for __I$use$fp
    printfa.o(i.__0vprintf) refers to printfa.o(i._printf_core) for _printf_core
    printfa.o(i.__0vprintf) refers to bsp_usart.o(i.fputc) for fputc
    printfa.o(i.__0vprintf) refers to stdout.o(.data) for __stdout
    printfa.o(i.__0vsnprintf) refers (Special) to iusefp.o(.text) for __I$use$fp
    printfa.o(i.__0vsnprintf) refers to printfa.o(i._printf_core) for _printf_core
    printfa.o(i.__0vsnprintf) refers to printfa.o(i._snputc) for _snputc
    printfa.o(i.__0vsprintf) refers (Special) to iusefp.o(.text) for __I$use$fp
    printfa.o(i.__0vsprintf) refers to printfa.o(i._printf_core) for _printf_core
    printfa.o(i.__0vsprintf) refers to printfa.o(i._sputc) for _sputc
    printfa.o(i._fp_digits) refers (Special) to iusefp.o(.text) for __I$use$fp
    printfa.o(i._fp_digits) refers to dmul.o(.text) for __aeabi_dmul
    printfa.o(i._fp_digits) refers to ddiv.o(.text) for __aeabi_ddiv
    printfa.o(i._fp_digits) refers to cdrcmple.o(.text) for __aeabi_cdrcmple
    printfa.o(i._fp_digits) refers to dadd.o(.text) for __aeabi_dadd
    printfa.o(i._fp_digits) refers to dfixul.o(.text) for __aeabi_d2ulz
    printfa.o(i._fp_digits) refers to uldiv.o(.text) for __aeabi_uldivmod
    printfa.o(i._printf_core) refers (Special) to iusefp.o(.text) for __I$use$fp
    printfa.o(i._printf_core) refers to printfa.o(i._printf_pre_padding) for _printf_pre_padding
    printfa.o(i._printf_core) refers to uldiv.o(.text) for __aeabi_uldivmod
    printfa.o(i._printf_core) refers to printfa.o(i._printf_post_padding) for _printf_post_padding
    printfa.o(i._printf_core) refers to printfa.o(i._fp_digits) for _fp_digits
    printfa.o(i._printf_core) refers to uidiv.o(.text) for __aeabi_uidivmod
    printfa.o(i._printf_post_padding) refers (Special) to iusefp.o(.text) for __I$use$fp
    printfa.o(i._printf_pre_padding) refers (Special) to iusefp.o(.text) for __I$use$fp
    printfa.o(i._snputc) refers (Special) to iusefp.o(.text) for __I$use$fp
    printfa.o(i._sputc) refers (Special) to iusefp.o(.text) for __I$use$fp
    entry2.o(.ARM.Collect$$$$00000001) refers to entry2.o(.ARM.Collect$$$$00002712) for __lit__00000000
    entry2.o(.ARM.Collect$$$$00002712) refers to startup_stm32f10x_hd.o(STACK) for __initial_sp
    entry2.o(__vectab_stack_and_reset_area) refers to startup_stm32f10x_hd.o(STACK) for __initial_sp
    entry2.o(__vectab_stack_and_reset_area) refers to entry.o(.ARM.Collect$$$$00000000) for __main
    entry5.o(.ARM.Collect$$$$00000004) refers to init.o(.text) for __scatterload
    entry9a.o(.ARM.Collect$$$$0000000B) refers to main.o(i.main) for main
    entry9b.o(.ARM.Collect$$$$0000000C) refers to main.o(i.main) for main
    uldiv.o(.text) refers to llushr.o(.text) for __aeabi_llsr
    uldiv.o(.text) refers to llshl.o(.text) for __aeabi_llsl
    dadd.o(.text) refers to llshl.o(.text) for __aeabi_llsl
    dadd.o(.text) refers to llsshr.o(.text) for __aeabi_lasr
    dadd.o(.text) refers to depilogue.o(.text) for _double_epilogue
    dmul.o(.text) refers to depilogue.o(.text) for _double_epilogue
    ddiv.o(.text) refers to depilogue.o(.text) for _double_round
    dfixul.o(.text) refers to llushr.o(.text) for __aeabi_llsr
    dfixul.o(.text) refers to llshl.o(.text) for __aeabi_llsl
    init.o(.text) refers to entry5.o(.ARM.Collect$$$$00000004) for __main_after_scatterload
    depilogue.o(.text) refers to llshl.o(.text) for __aeabi_llsl
    depilogue.o(.text) refers to llushr.o(.text) for __aeabi_llsr


==============================================================================

Removing Unused input sections from the image.

    Removing startup_stm32f10x_hd.o(HEAP), (512 bytes).
    Removing core_cm3.o(.emb_text), (32 bytes).
    Removing system_stm32f10x.o(i.SystemCoreClockUpdate), (164 bytes).
    Removing misc.o(i.NVIC_SetVectorTable), (124 bytes).
    Removing misc.o(i.NVIC_SystemLPConfig), (128 bytes).
    Removing misc.o(i.SysTick_CLKSourceConfig), (116 bytes).
    Removing stm32f10x_adc.o(i.ADC_AnalogWatchdogCmd), (188 bytes).
    Removing stm32f10x_adc.o(i.ADC_AnalogWatchdogSingleChannelConfig), (204 bytes).
    Removing stm32f10x_adc.o(i.ADC_AnalogWatchdogThresholdsConfig), (152 bytes).
    Removing stm32f10x_adc.o(i.ADC_AutoInjectedConvCmd), (148 bytes).
    Removing stm32f10x_adc.o(i.ADC_ClearFlag), (136 bytes).
    Removing stm32f10x_adc.o(i.ADC_ClearITPendingBit), (140 bytes).
    Removing stm32f10x_adc.o(i.ADC_Cmd), (148 bytes).
    Removing stm32f10x_adc.o(i.ADC_DMACmd), (140 bytes).
    Removing stm32f10x_adc.o(i.ADC_DeInit), (180 bytes).
    Removing stm32f10x_adc.o(i.ADC_DiscModeChannelCountConfig), (152 bytes).
    Removing stm32f10x_adc.o(i.ADC_DiscModeCmd), (148 bytes).
    Removing stm32f10x_adc.o(i.ADC_ExternalTrigConvCmd), (148 bytes).
    Removing stm32f10x_adc.o(i.ADC_ExternalTrigInjectedConvCmd), (148 bytes).
    Removing stm32f10x_adc.o(i.ADC_ExternalTrigInjectedConvConfig), (208 bytes).
    Removing stm32f10x_adc.o(i.ADC_GetCalibrationStatus), (128 bytes).
    Removing stm32f10x_adc.o(i.ADC_GetConversionValue), (112 bytes).
    Removing stm32f10x_adc.o(i.ADC_GetDualModeConversionValue), (12 bytes).
    Removing stm32f10x_adc.o(i.ADC_GetFlagStatus), (160 bytes).
    Removing stm32f10x_adc.o(i.ADC_GetITStatus), (180 bytes).
    Removing stm32f10x_adc.o(i.ADC_GetInjectedConversionValue), (160 bytes).
    Removing stm32f10x_adc.o(i.ADC_GetResetCalibrationStatus), (128 bytes).
    Removing stm32f10x_adc.o(i.ADC_GetSoftwareStartConvStatus), (128 bytes).
    Removing stm32f10x_adc.o(i.ADC_GetSoftwareStartInjectedConvCmdStatus), (128 bytes).
    Removing stm32f10x_adc.o(i.ADC_ITConfig), (176 bytes).
    Removing stm32f10x_adc.o(i.ADC_Init), (468 bytes).
    Removing stm32f10x_adc.o(i.ADC_InjectedChannelConfig), (400 bytes).
    Removing stm32f10x_adc.o(i.ADC_InjectedDiscModeCmd), (148 bytes).
    Removing stm32f10x_adc.o(i.ADC_InjectedSequencerLengthConfig), (152 bytes).
    Removing stm32f10x_adc.o(i.ADC_RegularChannelConfig), (476 bytes).
    Removing stm32f10x_adc.o(i.ADC_ResetCalibration), (116 bytes).
    Removing stm32f10x_adc.o(i.ADC_SetInjectedOffset), (176 bytes).
    Removing stm32f10x_adc.o(i.ADC_SoftwareStartConvCmd), (148 bytes).
    Removing stm32f10x_adc.o(i.ADC_SoftwareStartInjectedConvCmd), (148 bytes).
    Removing stm32f10x_adc.o(i.ADC_StartCalibration), (116 bytes).
    Removing stm32f10x_adc.o(i.ADC_StructInit), (18 bytes).
    Removing stm32f10x_adc.o(i.ADC_TempSensorVrefintCmd), (116 bytes).
    Removing stm32f10x_bkp.o(i.BKP_ClearFlag), (20 bytes).
    Removing stm32f10x_bkp.o(i.BKP_ClearITPendingBit), (20 bytes).
    Removing stm32f10x_bkp.o(i.BKP_DeInit), (16 bytes).
    Removing stm32f10x_bkp.o(i.BKP_GetFlagStatus), (12 bytes).
    Removing stm32f10x_bkp.o(i.BKP_GetITStatus), (12 bytes).
    Removing stm32f10x_bkp.o(i.BKP_ITConfig), (92 bytes).
    Removing stm32f10x_bkp.o(i.BKP_RTCOutputConfig), (116 bytes).
    Removing stm32f10x_bkp.o(i.BKP_ReadBackupRegister), (268 bytes).
    Removing stm32f10x_bkp.o(i.BKP_SetRTCCalibrationValue), (104 bytes).
    Removing stm32f10x_bkp.o(i.BKP_TamperPinCmd), (92 bytes).
    Removing stm32f10x_bkp.o(i.BKP_TamperPinLevelConfig), (92 bytes).
    Removing stm32f10x_bkp.o(i.BKP_WriteBackupRegister), (268 bytes).
    Removing stm32f10x_can.o(i.CAN_CancelTransmit), (164 bytes).
    Removing stm32f10x_can.o(i.CAN_ClearFlag), (256 bytes).
    Removing stm32f10x_can.o(i.CAN_ClearITPendingBit), (340 bytes).
    Removing stm32f10x_can.o(i.CAN_DBGFreeze), (140 bytes).
    Removing stm32f10x_can.o(i.CAN_DeInit), (140 bytes).
    Removing stm32f10x_can.o(i.CAN_FIFORelease), (140 bytes).
    Removing stm32f10x_can.o(i.CAN_FilterInit), (432 bytes).
    Removing stm32f10x_can.o(i.CAN_GetFlagStatus), (364 bytes).
    Removing stm32f10x_can.o(i.CAN_GetITStatus), (464 bytes).
    Removing stm32f10x_can.o(i.CAN_GetLSBTransmitErrorCounter), (108 bytes).
    Removing stm32f10x_can.o(i.CAN_GetLastErrorCode), (108 bytes).
    Removing stm32f10x_can.o(i.CAN_GetReceiveErrorCounter), (108 bytes).
    Removing stm32f10x_can.o(i.CAN_ITConfig), (220 bytes).
    Removing stm32f10x_can.o(i.CAN_Init), (616 bytes).
    Removing stm32f10x_can.o(i.CAN_MessagePending), (148 bytes).
    Removing stm32f10x_can.o(i.CAN_OperatingModeRequest), (284 bytes).
    Removing stm32f10x_can.o(i.CAN_Receive), (356 bytes).
    Removing stm32f10x_can.o(i.CAN_SlaveStartBank), (136 bytes).
    Removing stm32f10x_can.o(i.CAN_Sleep), (128 bytes).
    Removing stm32f10x_can.o(i.CAN_StructInit), (32 bytes).
    Removing stm32f10x_can.o(i.CAN_TTComModeCmd), (220 bytes).
    Removing stm32f10x_can.o(i.CAN_Transmit), (500 bytes).
    Removing stm32f10x_can.o(i.CAN_TransmitStatus), (268 bytes).
    Removing stm32f10x_can.o(i.CAN_WakeUp), (144 bytes).
    Removing stm32f10x_can.o(i.CheckITStatus), (18 bytes).
    Removing stm32f10x_cec.o(i.CEC_ClearFlag), (120 bytes).
    Removing stm32f10x_cec.o(i.CEC_ClearITPendingBit), (128 bytes).
    Removing stm32f10x_cec.o(i.CEC_Cmd), (112 bytes).
    Removing stm32f10x_cec.o(i.CEC_DeInit), (22 bytes).
    Removing stm32f10x_cec.o(i.CEC_EndOfMessageCmd), (92 bytes).
    Removing stm32f10x_cec.o(i.CEC_GetFlagStatus), (216 bytes).
    Removing stm32f10x_cec.o(i.CEC_GetITStatus), (132 bytes).
    Removing stm32f10x_cec.o(i.CEC_ITConfig), (92 bytes).
    Removing stm32f10x_cec.o(i.CEC_Init), (136 bytes).
    Removing stm32f10x_cec.o(i.CEC_OwnAddressConfig), (88 bytes).
    Removing stm32f10x_cec.o(i.CEC_ReceiveDataByte), (12 bytes).
    Removing stm32f10x_cec.o(i.CEC_SendDataByte), (12 bytes).
    Removing stm32f10x_cec.o(i.CEC_SetPrescaler), (92 bytes).
    Removing stm32f10x_cec.o(i.CEC_StartOfMessage), (12 bytes).
    Removing stm32f10x_crc.o(i.CRC_CalcBlockCRC), (36 bytes).
    Removing stm32f10x_crc.o(i.CRC_CalcCRC), (16 bytes).
    Removing stm32f10x_crc.o(i.CRC_GetCRC), (12 bytes).
    Removing stm32f10x_crc.o(i.CRC_GetIDRegister), (12 bytes).
    Removing stm32f10x_crc.o(i.CRC_ResetDR), (12 bytes).
    Removing stm32f10x_crc.o(i.CRC_SetIDRegister), (12 bytes).
    Removing stm32f10x_dac.o(i.DAC_Cmd), (136 bytes).
    Removing stm32f10x_dac.o(i.DAC_DMACmd), (140 bytes).
    Removing stm32f10x_dac.o(i.DAC_DeInit), (22 bytes).
    Removing stm32f10x_dac.o(i.DAC_DualSoftwareTriggerCmd), (116 bytes).
    Removing stm32f10x_dac.o(i.DAC_GetDataOutputValue), (116 bytes).
    Removing stm32f10x_dac.o(i.DAC_Init), (424 bytes).
    Removing stm32f10x_dac.o(i.DAC_SetChannel1Data), (136 bytes).
    Removing stm32f10x_dac.o(i.DAC_SetChannel2Data), (136 bytes).
    Removing stm32f10x_dac.o(i.DAC_SetDualChannelData), (172 bytes).
    Removing stm32f10x_dac.o(i.DAC_SoftwareTriggerCmd), (144 bytes).
    Removing stm32f10x_dac.o(i.DAC_StructInit), (12 bytes).
    Removing stm32f10x_dac.o(i.DAC_WaveGenerationCmd), (164 bytes).
    Removing stm32f10x_dbgmcu.o(i.DBGMCU_Config), (140 bytes).
    Removing stm32f10x_dbgmcu.o(i.DBGMCU_GetDEVID), (16 bytes).
    Removing stm32f10x_dbgmcu.o(i.DBGMCU_GetREVID), (12 bytes).
    Removing stm32f10x_dma.o(i.DMA_ClearFlag), (120 bytes).
    Removing stm32f10x_dma.o(i.DMA_ClearITPendingBit), (120 bytes).
    Removing stm32f10x_dma.o(i.DMA_Cmd), (220 bytes).
    Removing stm32f10x_dma.o(i.DMA_DeInit), (500 bytes).
    Removing stm32f10x_dma.o(i.DMA_GetCurrDataCounter), (184 bytes).
    Removing stm32f10x_dma.o(i.DMA_GetFlagStatus), (448 bytes).
    Removing stm32f10x_dma.o(i.DMA_GetITStatus), (448 bytes).
    Removing stm32f10x_dma.o(i.DMA_ITConfig), (236 bytes).
    Removing stm32f10x_dma.o(i.DMA_Init), (456 bytes).
    Removing stm32f10x_dma.o(i.DMA_SetCurrDataCounter), (184 bytes).
    Removing stm32f10x_dma.o(i.DMA_StructInit), (26 bytes).
    Removing stm32f10x_exti.o(i.EXTI_ClearFlag), (96 bytes).
    Removing stm32f10x_exti.o(i.EXTI_DeInit), (36 bytes).
    Removing stm32f10x_exti.o(i.EXTI_GenerateSWInterrupt), (104 bytes).
    Removing stm32f10x_exti.o(i.EXTI_GetFlagStatus), (208 bytes).
    Removing stm32f10x_exti.o(i.EXTI_StructInit), (16 bytes).
    Removing stm32f10x_flash.o(i.FLASH_ClearFlag), (100 bytes).
    Removing stm32f10x_flash.o(i.FLASH_EnableWriteProtection), (276 bytes).
    Removing stm32f10x_flash.o(i.FLASH_EraseAllBank1Pages), (72 bytes).
    Removing stm32f10x_flash.o(i.FLASH_EraseAllPages), (72 bytes).
    Removing stm32f10x_flash.o(i.FLASH_EraseOptionBytes), (168 bytes).
    Removing stm32f10x_flash.o(i.FLASH_ErasePage), (168 bytes).
    Removing stm32f10x_flash.o(i.FLASH_GetBank1Status), (52 bytes).
    Removing stm32f10x_flash.o(i.FLASH_GetFlagStatus), (164 bytes).
    Removing stm32f10x_flash.o(i.FLASH_GetPrefetchBufferStatus), (24 bytes).
    Removing stm32f10x_flash.o(i.FLASH_GetReadOutProtectionStatus), (24 bytes).
    Removing stm32f10x_flash.o(i.FLASH_GetStatus), (52 bytes).
    Removing stm32f10x_flash.o(i.FLASH_GetUserOptionByte), (12 bytes).
    Removing stm32f10x_flash.o(i.FLASH_GetWriteProtectionOptionByte), (12 bytes).
    Removing stm32f10x_flash.o(i.FLASH_HalfCycleAccessCmd), (112 bytes).
    Removing stm32f10x_flash.o(i.FLASH_ITConfig), (140 bytes).
    Removing stm32f10x_flash.o(i.FLASH_Lock), (20 bytes).
    Removing stm32f10x_flash.o(i.FLASH_LockBank1), (20 bytes).
    Removing stm32f10x_flash.o(i.FLASH_PrefetchBufferCmd), (112 bytes).
    Removing stm32f10x_flash.o(i.FLASH_ProgramHalfWord), (160 bytes).
    Removing stm32f10x_flash.o(i.FLASH_ProgramOptionByteData), (180 bytes).
    Removing stm32f10x_flash.o(i.FLASH_ProgramWord), (200 bytes).
    Removing stm32f10x_flash.o(i.FLASH_ReadOutProtection), (256 bytes).
    Removing stm32f10x_flash.o(i.FLASH_SetLatency), (112 bytes).
    Removing stm32f10x_flash.o(i.FLASH_Unlock), (24 bytes).
    Removing stm32f10x_flash.o(i.FLASH_UnlockBank1), (24 bytes).
    Removing stm32f10x_flash.o(i.FLASH_UserOptionByteConfig), (228 bytes).
    Removing stm32f10x_flash.o(i.FLASH_WaitForLastBank1Operation), (38 bytes).
    Removing stm32f10x_flash.o(i.FLASH_WaitForLastOperation), (38 bytes).
    Removing stm32f10x_fsmc.o(i.FSMC_ClearFlag), (184 bytes).
    Removing stm32f10x_fsmc.o(i.FSMC_ClearITPendingBit), (188 bytes).
    Removing stm32f10x_fsmc.o(i.FSMC_GetECC), (28 bytes).
    Removing stm32f10x_fsmc.o(i.FSMC_GetFlagStatus), (184 bytes).
    Removing stm32f10x_fsmc.o(i.FSMC_GetITStatus), (200 bytes).
    Removing stm32f10x_fsmc.o(i.FSMC_ITConfig), (264 bytes).
    Removing stm32f10x_fsmc.o(i.FSMC_NANDCmd), (200 bytes).
    Removing stm32f10x_fsmc.o(i.FSMC_NANDDeInit), (156 bytes).
    Removing stm32f10x_fsmc.o(i.FSMC_NANDECCCmd), (200 bytes).
    Removing stm32f10x_fsmc.o(i.FSMC_NANDInit), (552 bytes).
    Removing stm32f10x_fsmc.o(i.FSMC_NANDStructInit), (54 bytes).
    Removing stm32f10x_fsmc.o(i.FSMC_NORSRAMCmd), (164 bytes).
    Removing stm32f10x_fsmc.o(i.FSMC_NORSRAMDeInit), (148 bytes).
    Removing stm32f10x_fsmc.o(i.FSMC_NORSRAMInit), (896 bytes).
    Removing stm32f10x_fsmc.o(i.FSMC_NORSRAMStructInit), (114 bytes).
    Removing stm32f10x_fsmc.o(i.FSMC_PCCARDCmd), (132 bytes).
    Removing stm32f10x_fsmc.o(i.FSMC_PCCARDDeInit), (40 bytes).
    Removing stm32f10x_fsmc.o(i.FSMC_PCCARDInit), (500 bytes).
    Removing stm32f10x_fsmc.o(i.FSMC_PCCARDStructInit), (60 bytes).
    Removing stm32f10x_gpio.o(i.GPIO_AFIODeInit), (20 bytes).
    Removing stm32f10x_gpio.o(i.GPIO_DeInit), (316 bytes).
    Removing stm32f10x_gpio.o(i.GPIO_ETH_MediaInterfaceConfig), (96 bytes).
    Removing stm32f10x_gpio.o(i.GPIO_EventOutputCmd), (96 bytes).
    Removing stm32f10x_gpio.o(i.GPIO_EventOutputConfig), (204 bytes).
    Removing stm32f10x_gpio.o(i.GPIO_PinLockConfig), (188 bytes).
    Removing stm32f10x_gpio.o(i.GPIO_PinRemapConfig), (600 bytes).
    Removing stm32f10x_gpio.o(i.GPIO_ReadInputData), (156 bytes).
    Removing stm32f10x_gpio.o(i.GPIO_ReadInputDataBit), (264 bytes).
    Removing stm32f10x_gpio.o(i.GPIO_ReadOutputData), (156 bytes).
    Removing stm32f10x_gpio.o(i.GPIO_ReadOutputDataBit), (264 bytes).
    Removing stm32f10x_gpio.o(i.GPIO_StructInit), (16 bytes).
    Removing stm32f10x_gpio.o(i.GPIO_Write), (156 bytes).
    Removing stm32f10x_gpio.o(i.GPIO_WriteBit), (276 bytes).
    Removing stm32f10x_i2c.o(i.I2C_ARPCmd), (140 bytes).
    Removing stm32f10x_i2c.o(i.I2C_AcknowledgeConfig), (140 bytes).
    Removing stm32f10x_i2c.o(i.I2C_CalculatePEC), (140 bytes).
    Removing stm32f10x_i2c.o(i.I2C_CheckEvent), (324 bytes).
    Removing stm32f10x_i2c.o(i.I2C_ClearFlag), (132 bytes).
    Removing stm32f10x_i2c.o(i.I2C_ClearITPendingBit), (132 bytes).
    Removing stm32f10x_i2c.o(i.I2C_Cmd), (140 bytes).
    Removing stm32f10x_i2c.o(i.I2C_DMACmd), (140 bytes).
    Removing stm32f10x_i2c.o(i.I2C_DMALastTransferCmd), (140 bytes).
    Removing stm32f10x_i2c.o(i.I2C_DeInit), (140 bytes).
    Removing stm32f10x_i2c.o(i.I2C_DualAddressCmd), (140 bytes).
    Removing stm32f10x_i2c.o(i.I2C_FastModeDutyCycleConfig), (152 bytes).
    Removing stm32f10x_i2c.o(i.I2C_GeneralCallCmd), (140 bytes).
    Removing stm32f10x_i2c.o(i.I2C_GenerateSTART), (140 bytes).
    Removing stm32f10x_i2c.o(i.I2C_GenerateSTOP), (140 bytes).
    Removing stm32f10x_i2c.o(i.I2C_GetFlagStatus), (324 bytes).
    Removing stm32f10x_i2c.o(i.I2C_GetITStatus), (272 bytes).
    Removing stm32f10x_i2c.o(i.I2C_GetLastEvent), (124 bytes).
    Removing stm32f10x_i2c.o(i.I2C_GetPEC), (104 bytes).
    Removing stm32f10x_i2c.o(i.I2C_ITConfig), (160 bytes).
    Removing stm32f10x_i2c.o(i.I2C_Init), (472 bytes).
    Removing stm32f10x_i2c.o(i.I2C_NACKPositionConfig), (152 bytes).
    Removing stm32f10x_i2c.o(i.I2C_OwnAddress2Config), (120 bytes).
    Removing stm32f10x_i2c.o(i.I2C_PECPositionConfig), (152 bytes).
    Removing stm32f10x_i2c.o(i.I2C_ReadRegister), (164 bytes).
    Removing stm32f10x_i2c.o(i.I2C_ReceiveData), (104 bytes).
    Removing stm32f10x_i2c.o(i.I2C_SMBusAlertConfig), (152 bytes).
    Removing stm32f10x_i2c.o(i.I2C_Send7bitAddress), (136 bytes).
    Removing stm32f10x_i2c.o(i.I2C_SendData), (104 bytes).
    Removing stm32f10x_i2c.o(i.I2C_SoftwareResetCmd), (140 bytes).
    Removing stm32f10x_i2c.o(i.I2C_StretchClockCmd), (140 bytes).
    Removing stm32f10x_i2c.o(i.I2C_StructInit), (30 bytes).
    Removing stm32f10x_i2c.o(i.I2C_TransmitPEC), (140 bytes).
    Removing stm32f10x_iwdg.o(i.IWDG_Enable), (16 bytes).
    Removing stm32f10x_iwdg.o(i.IWDG_GetFlagStatus), (112 bytes).
    Removing stm32f10x_iwdg.o(i.IWDG_ReloadCounter), (16 bytes).
    Removing stm32f10x_iwdg.o(i.IWDG_SetPrescaler), (116 bytes).
    Removing stm32f10x_iwdg.o(i.IWDG_SetReload), (96 bytes).
    Removing stm32f10x_iwdg.o(i.IWDG_WriteAccessCmd), (100 bytes).
    Removing stm32f10x_pwr.o(i.PWR_BackupAccessCmd), (92 bytes).
    Removing stm32f10x_pwr.o(i.PWR_ClearFlag), (104 bytes).
    Removing stm32f10x_pwr.o(i.PWR_DeInit), (22 bytes).
    Removing stm32f10x_pwr.o(i.PWR_EnterSTANDBYMode), (52 bytes).
    Removing stm32f10x_pwr.o(i.PWR_EnterSTOPMode), (160 bytes).
    Removing stm32f10x_pwr.o(i.PWR_GetFlagStatus), (112 bytes).
    Removing stm32f10x_pwr.o(i.PWR_PVDCmd), (92 bytes).
    Removing stm32f10x_pwr.o(i.PWR_PVDLevelConfig), (124 bytes).
    Removing stm32f10x_pwr.o(i.PWR_WakeUpPinCmd), (92 bytes).
    Removing stm32f10x_rcc.o(i.RCC_ADCCLKConfig), (116 bytes).
    Removing stm32f10x_rcc.o(i.RCC_AHBPeriphClockCmd), (140 bytes).
    Removing stm32f10x_rcc.o(i.RCC_APB1PeriphClockCmd), (140 bytes).
    Removing stm32f10x_rcc.o(i.RCC_APB1PeriphResetCmd), (140 bytes).
    Removing stm32f10x_rcc.o(i.RCC_APB2PeriphResetCmd), (140 bytes).
    Removing stm32f10x_rcc.o(i.RCC_AdjustHSICalibrationValue), (104 bytes).
    Removing stm32f10x_rcc.o(i.RCC_BackupResetCmd), (92 bytes).
    Removing stm32f10x_rcc.o(i.RCC_ClearFlag), (20 bytes).
    Removing stm32f10x_rcc.o(i.RCC_ClearITPendingBit), (96 bytes).
    Removing stm32f10x_rcc.o(i.RCC_ClockSecuritySystemCmd), (92 bytes).
    Removing stm32f10x_rcc.o(i.RCC_DeInit), (76 bytes).
    Removing stm32f10x_rcc.o(i.RCC_GetFlagStatus), (184 bytes).
    Removing stm32f10x_rcc.o(i.RCC_GetITStatus), (124 bytes).
    Removing stm32f10x_rcc.o(i.RCC_GetSYSCLKSource), (16 bytes).
    Removing stm32f10x_rcc.o(i.RCC_HCLKConfig), (132 bytes).
    Removing stm32f10x_rcc.o(i.RCC_HSEConfig), (164 bytes).
    Removing stm32f10x_rcc.o(i.RCC_HSICmd), (92 bytes).
    Removing stm32f10x_rcc.o(i.RCC_ITConfig), (136 bytes).
    Removing stm32f10x_rcc.o(i.RCC_LSEConfig), (136 bytes).
    Removing stm32f10x_rcc.o(i.RCC_LSICmd), (92 bytes).
    Removing stm32f10x_rcc.o(i.RCC_MCOConfig), (104 bytes).
    Removing stm32f10x_rcc.o(i.RCC_PCLK1Config), (124 bytes).
    Removing stm32f10x_rcc.o(i.RCC_PCLK2Config), (124 bytes).
    Removing stm32f10x_rcc.o(i.RCC_PLLCmd), (92 bytes).
    Removing stm32f10x_rcc.o(i.RCC_PLLConfig), (216 bytes).
    Removing stm32f10x_rcc.o(i.RCC_RTCCLKCmd), (92 bytes).
    Removing stm32f10x_rcc.o(i.RCC_RTCCLKConfig), (112 bytes).
    Removing stm32f10x_rcc.o(i.RCC_SYSCLKConfig), (108 bytes).
    Removing stm32f10x_rcc.o(i.RCC_USBCLKConfig), (92 bytes).
    Removing stm32f10x_rcc.o(i.RCC_WaitForHSEStartUp), (56 bytes).
    Removing stm32f10x_rtc.o(i.RTC_ClearFlag), (104 bytes).
    Removing stm32f10x_rtc.o(i.RTC_ClearITPendingBit), (104 bytes).
    Removing stm32f10x_rtc.o(i.RTC_EnterConfigMode), (20 bytes).
    Removing stm32f10x_rtc.o(i.RTC_ExitConfigMode), (20 bytes).
    Removing stm32f10x_rtc.o(i.RTC_GetCounter), (20 bytes).
    Removing stm32f10x_rtc.o(i.RTC_GetDivider), (24 bytes).
    Removing stm32f10x_rtc.o(i.RTC_GetFlagStatus), (120 bytes).
    Removing stm32f10x_rtc.o(i.RTC_GetITStatus), (124 bytes).
    Removing stm32f10x_rtc.o(i.RTC_ITConfig), (132 bytes).
    Removing stm32f10x_rtc.o(i.RTC_SetAlarm), (28 bytes).
    Removing stm32f10x_rtc.o(i.RTC_SetCounter), (28 bytes).
    Removing stm32f10x_rtc.o(i.RTC_SetPrescaler), (108 bytes).
    Removing stm32f10x_rtc.o(i.RTC_WaitForLastTask), (20 bytes).
    Removing stm32f10x_rtc.o(i.RTC_WaitForSynchro), (36 bytes).
    Removing stm32f10x_sdio.o(i.SDIO_CEATAITCmd), (100 bytes).
    Removing stm32f10x_sdio.o(i.SDIO_ClearFlag), (104 bytes).
    Removing stm32f10x_sdio.o(i.SDIO_ClearITPendingBit), (104 bytes).
    Removing stm32f10x_sdio.o(i.SDIO_ClockCmd), (96 bytes).
    Removing stm32f10x_sdio.o(i.SDIO_CmdStructInit), (14 bytes).
    Removing stm32f10x_sdio.o(i.SDIO_CommandCompletionCmd), (96 bytes).
    Removing stm32f10x_sdio.o(i.SDIO_DMACmd), (96 bytes).
    Removing stm32f10x_sdio.o(i.SDIO_DataConfig), (300 bytes).
    Removing stm32f10x_sdio.o(i.SDIO_DataStructInit), (20 bytes).
    Removing stm32f10x_sdio.o(i.SDIO_DeInit), (36 bytes).
    Removing stm32f10x_sdio.o(i.SDIO_GetCommandResponse), (12 bytes).
    Removing stm32f10x_sdio.o(i.SDIO_GetDataCounter), (12 bytes).
    Removing stm32f10x_sdio.o(i.SDIO_GetFIFOCount), (12 bytes).
    Removing stm32f10x_sdio.o(i.SDIO_GetFlagStatus), (232 bytes).
    Removing stm32f10x_sdio.o(i.SDIO_GetITStatus), (232 bytes).
    Removing stm32f10x_sdio.o(i.SDIO_GetPowerState), (16 bytes).
    Removing stm32f10x_sdio.o(i.SDIO_GetResponse), (116 bytes).
    Removing stm32f10x_sdio.o(i.SDIO_ITConfig), (140 bytes).
    Removing stm32f10x_sdio.o(i.SDIO_Init), (232 bytes).
    Removing stm32f10x_sdio.o(i.SDIO_ReadData), (12 bytes).
    Removing stm32f10x_sdio.o(i.SDIO_SendCEATACmd), (96 bytes).
    Removing stm32f10x_sdio.o(i.SDIO_SendCommand), (212 bytes).
    Removing stm32f10x_sdio.o(i.SDIO_SendSDIOSuspendCmd), (96 bytes).
    Removing stm32f10x_sdio.o(i.SDIO_SetPowerState), (112 bytes).
    Removing stm32f10x_sdio.o(i.SDIO_SetSDIOOperation), (96 bytes).
    Removing stm32f10x_sdio.o(i.SDIO_SetSDIOReadWaitMode), (96 bytes).
    Removing stm32f10x_sdio.o(i.SDIO_StartSDIOReadWait), (96 bytes).
    Removing stm32f10x_sdio.o(i.SDIO_StopSDIOReadWait), (96 bytes).
    Removing stm32f10x_sdio.o(i.SDIO_StructInit), (16 bytes).
    Removing stm32f10x_sdio.o(i.SDIO_WriteData), (12 bytes).
    Removing stm32f10x_spi.o(i.I2S_Cmd), (140 bytes).
    Removing stm32f10x_spi.o(i.I2S_Init), (508 bytes).
    Removing stm32f10x_spi.o(i.I2S_StructInit), (20 bytes).
    Removing stm32f10x_spi.o(i.SPI_BiDirectionalLineConfig), (164 bytes).
    Removing stm32f10x_spi.o(i.SPI_CalculateCRC), (152 bytes).
    Removing stm32f10x_spi.o(i.SPI_Cmd), (152 bytes).
    Removing stm32f10x_spi.o(i.SPI_DataSizeConfig), (148 bytes).
    Removing stm32f10x_spi.o(i.SPI_GetCRC), (144 bytes).
    Removing stm32f10x_spi.o(i.SPI_GetCRCPolynomial), (112 bytes).
    Removing stm32f10x_spi.o(i.SPI_I2S_ClearFlag), (132 bytes).
    Removing stm32f10x_spi.o(i.SPI_I2S_ClearITPendingBit), (144 bytes).
    Removing stm32f10x_spi.o(i.SPI_I2S_DMACmd), (168 bytes).
    Removing stm32f10x_spi.o(i.SPI_I2S_DeInit), (176 bytes).
    Removing stm32f10x_spi.o(i.SPI_I2S_GetFlagStatus), (172 bytes).
    Removing stm32f10x_spi.o(i.SPI_I2S_GetITStatus), (208 bytes).
    Removing stm32f10x_spi.o(i.SPI_I2S_ITConfig), (192 bytes).
    Removing stm32f10x_spi.o(i.SPI_I2S_ReceiveData), (112 bytes).
    Removing stm32f10x_spi.o(i.SPI_I2S_SendData), (112 bytes).
    Removing stm32f10x_spi.o(i.SPI_Init), (400 bytes).
    Removing stm32f10x_spi.o(i.SPI_NSSInternalSoftwareConfig), (164 bytes).
    Removing stm32f10x_spi.o(i.SPI_SSOutputCmd), (152 bytes).
    Removing stm32f10x_spi.o(i.SPI_StructInit), (24 bytes).
    Removing stm32f10x_spi.o(i.SPI_TransmitCRC), (116 bytes).
    Removing stm32f10x_tim.o(i.TI1_Config), (128 bytes).
    Removing stm32f10x_tim.o(i.TI2_Config), (152 bytes).
    Removing stm32f10x_tim.o(i.TI3_Config), (144 bytes).
    Removing stm32f10x_tim.o(i.TI4_Config), (152 bytes).
    Removing stm32f10x_tim.o(i.TIM_ARRPreloadConfig), (288 bytes).
    Removing stm32f10x_tim.o(i.TIM_BDTRConfig), (320 bytes).
    Removing stm32f10x_tim.o(i.TIM_BDTRStructInit), (18 bytes).
    Removing stm32f10x_tim.o(i.TIM_CCPreloadControl), (188 bytes).
    Removing stm32f10x_tim.o(i.TIM_CCxCmd), (304 bytes).
    Removing stm32f10x_tim.o(i.TIM_CCxNCmd), (204 bytes).
    Removing stm32f10x_tim.o(i.TIM_ClearFlag), (272 bytes).
    Removing stm32f10x_tim.o(i.TIM_ClearITPendingBit), (272 bytes).
    Removing stm32f10x_tim.o(i.TIM_ClearOC1Ref), (168 bytes).
    Removing stm32f10x_tim.o(i.TIM_ClearOC2Ref), (176 bytes).
    Removing stm32f10x_tim.o(i.TIM_ClearOC3Ref), (168 bytes).
    Removing stm32f10x_tim.o(i.TIM_ClearOC4Ref), (176 bytes).
    Removing stm32f10x_tim.o(i.TIM_Cmd), (288 bytes).
    Removing stm32f10x_tim.o(i.TIM_CounterModeConfig), (180 bytes).
    Removing stm32f10x_tim.o(i.TIM_CtrlPWMOutputs), (176 bytes).
    Removing stm32f10x_tim.o(i.TIM_DMACmd), (244 bytes).
    Removing stm32f10x_tim.o(i.TIM_DMAConfig), (380 bytes).
    Removing stm32f10x_tim.o(i.TIM_DeInit), (660 bytes).
    Removing stm32f10x_tim.o(i.TIM_ETRClockMode1Config), (252 bytes).
    Removing stm32f10x_tim.o(i.TIM_ETRClockMode2Config), (232 bytes).
    Removing stm32f10x_tim.o(i.TIM_ETRConfig), (244 bytes).
    Removing stm32f10x_tim.o(i.TIM_EncoderInterfaceConfig), (296 bytes).
    Removing stm32f10x_tim.o(i.TIM_ForcedOC1Config), (260 bytes).
    Removing stm32f10x_tim.o(i.TIM_ForcedOC2Config), (208 bytes).
    Removing stm32f10x_tim.o(i.TIM_ForcedOC3Config), (172 bytes).
    Removing stm32f10x_tim.o(i.TIM_ForcedOC4Config), (180 bytes).
    Removing stm32f10x_tim.o(i.TIM_GenerateEvent), (268 bytes).
    Removing stm32f10x_tim.o(i.TIM_GetCapture1), (228 bytes).
    Removing stm32f10x_tim.o(i.TIM_GetCapture2), (168 bytes).
    Removing stm32f10x_tim.o(i.TIM_GetCapture3), (136 bytes).
    Removing stm32f10x_tim.o(i.TIM_GetCapture4), (140 bytes).
    Removing stm32f10x_tim.o(i.TIM_GetCounter), (248 bytes).
    Removing stm32f10x_tim.o(i.TIM_GetFlagStatus), (332 bytes).
    Removing stm32f10x_tim.o(i.TIM_GetITStatus), (328 bytes).
    Removing stm32f10x_tim.o(i.TIM_GetPrescaler), (248 bytes).
    Removing stm32f10x_tim.o(i.TIM_ICInit), (696 bytes).
    Removing stm32f10x_tim.o(i.TIM_ICStructInit), (18 bytes).
    Removing stm32f10x_tim.o(i.TIM_ITConfig), (304 bytes).
    Removing stm32f10x_tim.o(i.TIM_ITRxExternalClockConfig), (208 bytes).
    Removing stm32f10x_tim.o(i.TIM_InternalClockConfig), (176 bytes).
    Removing stm32f10x_tim.o(i.TIM_OC1FastConfig), (260 bytes).
    Removing stm32f10x_tim.o(i.TIM_OC1Init), (552 bytes).
    Removing stm32f10x_tim.o(i.TIM_OC1NPolarityConfig), (164 bytes).
    Removing stm32f10x_tim.o(i.TIM_OC1PolarityConfig), (260 bytes).
    Removing stm32f10x_tim.o(i.TIM_OC1PreloadConfig), (260 bytes).
    Removing stm32f10x_tim.o(i.TIM_OC2FastConfig), (208 bytes).
    Removing stm32f10x_tim.o(i.TIM_OC2Init), (516 bytes).
    Removing stm32f10x_tim.o(i.TIM_OC2NPolarityConfig), (140 bytes).
    Removing stm32f10x_tim.o(i.TIM_OC2PolarityConfig), (208 bytes).
    Removing stm32f10x_tim.o(i.TIM_OC2PreloadConfig), (208 bytes).
    Removing stm32f10x_tim.o(i.TIM_OC3FastConfig), (168 bytes).
    Removing stm32f10x_tim.o(i.TIM_OC3Init), (480 bytes).
    Removing stm32f10x_tim.o(i.TIM_OC3NPolarityConfig), (140 bytes).
    Removing stm32f10x_tim.o(i.TIM_OC3PolarityConfig), (176 bytes).
    Removing stm32f10x_tim.o(i.TIM_OC3PreloadConfig), (168 bytes).
    Removing stm32f10x_tim.o(i.TIM_OC4FastConfig), (176 bytes).
    Removing stm32f10x_tim.o(i.TIM_OC4Init), (372 bytes).
    Removing stm32f10x_tim.o(i.TIM_OC4PolarityConfig), (176 bytes).
    Removing stm32f10x_tim.o(i.TIM_OC4PreloadConfig), (176 bytes).
    Removing stm32f10x_tim.o(i.TIM_OCStructInit), (20 bytes).
    Removing stm32f10x_tim.o(i.TIM_PWMIConfig), (284 bytes).
    Removing stm32f10x_tim.o(i.TIM_PrescalerConfig), (272 bytes).
    Removing stm32f10x_tim.o(i.TIM_SelectCCDMA), (208 bytes).
    Removing stm32f10x_tim.o(i.TIM_SelectCOM), (172 bytes).
    Removing stm32f10x_tim.o(i.TIM_SelectHallSensor), (208 bytes).
    Removing stm32f10x_tim.o(i.TIM_SelectInputTrigger), (224 bytes).
    Removing stm32f10x_tim.o(i.TIM_SelectMasterSlaveMode), (200 bytes).
    Removing stm32f10x_tim.o(i.TIM_SelectOCxM), (380 bytes).
    Removing stm32f10x_tim.o(i.TIM_SelectOnePulseMode), (280 bytes).
    Removing stm32f10x_tim.o(i.TIM_SelectOutputTrigger), (244 bytes).
    Removing stm32f10x_tim.o(i.TIM_SelectSlaveMode), (212 bytes).
    Removing stm32f10x_tim.o(i.TIM_SetAutoreload), (248 bytes).
    Removing stm32f10x_tim.o(i.TIM_SetClockDivision), (268 bytes).
    Removing stm32f10x_tim.o(i.TIM_SetCompare1), (228 bytes).
    Removing stm32f10x_tim.o(i.TIM_SetCompare2), (168 bytes).
    Removing stm32f10x_tim.o(i.TIM_SetCompare3), (140 bytes).
    Removing stm32f10x_tim.o(i.TIM_SetCompare4), (140 bytes).
    Removing stm32f10x_tim.o(i.TIM_SetCounter), (248 bytes).
    Removing stm32f10x_tim.o(i.TIM_SetIC1Prescaler), (268 bytes).
    Removing stm32f10x_tim.o(i.TIM_SetIC2Prescaler), (216 bytes).
    Removing stm32f10x_tim.o(i.TIM_SetIC3Prescaler), (180 bytes).
    Removing stm32f10x_tim.o(i.TIM_SetIC4Prescaler), (188 bytes).
    Removing stm32f10x_tim.o(i.TIM_TIxExternalClockConfig), (280 bytes).
    Removing stm32f10x_tim.o(i.TIM_TimeBaseInit), (432 bytes).
    Removing stm32f10x_tim.o(i.TIM_TimeBaseStructInit), (18 bytes).
    Removing stm32f10x_tim.o(i.TIM_UpdateDisableConfig), (288 bytes).
    Removing stm32f10x_tim.o(i.TIM_UpdateRequestConfig), (288 bytes).
    Removing stm32f10x_usart.o(i.USART_ClearFlag), (200 bytes).
    Removing stm32f10x_usart.o(i.USART_ClearITPendingBit), (236 bytes).
    Removing stm32f10x_usart.o(i.USART_ClockInit), (240 bytes).
    Removing stm32f10x_usart.o(i.USART_ClockStructInit), (12 bytes).
    Removing stm32f10x_usart.o(i.USART_DMACmd), (192 bytes).
    Removing stm32f10x_usart.o(i.USART_DeInit), (260 bytes).
    Removing stm32f10x_usart.o(i.USART_GetITStatus), (336 bytes).
    Removing stm32f10x_usart.o(i.USART_HalfDuplexCmd), (176 bytes).
    Removing stm32f10x_usart.o(i.USART_ITConfig), (332 bytes).
    Removing stm32f10x_usart.o(i.USART_IrDACmd), (176 bytes).
    Removing stm32f10x_usart.o(i.USART_IrDAConfig), (168 bytes).
    Removing stm32f10x_usart.o(i.USART_LINBreakDetectLengthConfig), (168 bytes).
    Removing stm32f10x_usart.o(i.USART_LINCmd), (176 bytes).
    Removing stm32f10x_usart.o(i.USART_OneBitMethodCmd), (176 bytes).
    Removing stm32f10x_usart.o(i.USART_OverSampling8Cmd), (172 bytes).
    Removing stm32f10x_usart.o(i.USART_ReceiverWakeUpCmd), (176 bytes).
    Removing stm32f10x_usart.o(i.USART_SendBreak), (140 bytes).
    Removing stm32f10x_usart.o(i.USART_SetAddress), (168 bytes).
    Removing stm32f10x_usart.o(i.USART_SetGuardTime), (128 bytes).
    Removing stm32f10x_usart.o(i.USART_SetPrescaler), (148 bytes).
    Removing stm32f10x_usart.o(i.USART_SmartCardCmd), (156 bytes).
    Removing stm32f10x_usart.o(i.USART_SmartCardNACKCmd), (156 bytes).
    Removing stm32f10x_usart.o(i.USART_StructInit), (24 bytes).
    Removing stm32f10x_usart.o(i.USART_WakeUpConfig), (172 bytes).
    Removing stm32f10x_wwdg.o(i.WWDG_ClearFlag), (12 bytes).
    Removing stm32f10x_wwdg.o(i.WWDG_DeInit), (22 bytes).
    Removing stm32f10x_wwdg.o(i.WWDG_Enable), (100 bytes).
    Removing stm32f10x_wwdg.o(i.WWDG_EnableIT), (12 bytes).
    Removing stm32f10x_wwdg.o(i.WWDG_GetFlagStatus), (12 bytes).
    Removing stm32f10x_wwdg.o(i.WWDG_SetCounter), (100 bytes).
    Removing stm32f10x_wwdg.o(i.WWDG_SetPrescaler), (120 bytes).
    Removing stm32f10x_wwdg.o(i.WWDG_SetWindowValue), (120 bytes).
    Removing main.o(i.delay_ms), (26 bytes).
    Removing bsp_key.o(i.KEY_GPIO_Confg), (64 bytes).
    Removing bsp_key.o(i.Key_Scan), (40 bytes).
    Removing bsp_usart.o(i.Usart_SendByte), (30 bytes).
    Removing bsp_usart.o(i.Usart_SendHalfWord), (60 bytes).
    Removing bsp_usart.o(i.Usart_SendString), (42 bytes).
    Removing dadd.o(.text), (334 bytes).
    Removing dmul.o(.text), (228 bytes).
    Removing ddiv.o(.text), (222 bytes).
    Removing dfixul.o(.text), (48 bytes).
    Removing cdrcmple.o(.text), (48 bytes).
    Removing depilogue.o(.text), (186 bytes).

471 unused section(s) (total 75804 bytes) removed from the image.

==============================================================================

Image Symbol Table

    Local Symbols

    Symbol Name                              Value     Ov Type        Size  Object(Section)

    ../clib/microlib/division.c              0x00000000   Number         0  uidiv.o ABSOLUTE
    ../clib/microlib/division.c              0x00000000   Number         0  uldiv.o ABSOLUTE
    ../clib/microlib/init/entry.s            0x00000000   Number         0  entry5.o ABSOLUTE
    ../clib/microlib/init/entry.s            0x00000000   Number         0  entry8b.o ABSOLUTE
    ../clib/microlib/init/entry.s            0x00000000   Number         0  entry10b.o ABSOLUTE
    ../clib/microlib/init/entry.s            0x00000000   Number         0  entry9b.o ABSOLUTE
    ../clib/microlib/init/entry.s            0x00000000   Number         0  entry9a.o ABSOLUTE
    ../clib/microlib/init/entry.s            0x00000000   Number         0  entry2.o ABSOLUTE
    ../clib/microlib/init/entry.s            0x00000000   Number         0  entry10a.o ABSOLUTE
    ../clib/microlib/init/entry.s            0x00000000   Number         0  entry8a.o ABSOLUTE
    ../clib/microlib/init/entry.s            0x00000000   Number         0  entry11b.o ABSOLUTE
    ../clib/microlib/init/entry.s            0x00000000   Number         0  entry11a.o ABSOLUTE
    ../clib/microlib/init/entry.s            0x00000000   Number         0  entry.o ABSOLUTE
    ../clib/microlib/init/entry.s            0x00000000   Number         0  entry7b.o ABSOLUTE
    ../clib/microlib/init/entry.s            0x00000000   Number         0  entry7a.o ABSOLUTE
    ../clib/microlib/longlong.c              0x00000000   Number         0  llshl.o ABSOLUTE
    ../clib/microlib/longlong.c              0x00000000   Number         0  llsshr.o ABSOLUTE
    ../clib/microlib/longlong.c              0x00000000   Number         0  llushr.o ABSOLUTE
    ../clib/microlib/printf/printf.c         0x00000000   Number         0  printf6.o ABSOLUTE
    ../clib/microlib/printf/printf.c         0x00000000   Number         0  printf8.o ABSOLUTE
    ../clib/microlib/printf/printf.c         0x00000000   Number         0  printfa.o ABSOLUTE
    ../clib/microlib/printf/printf.c         0x00000000   Number         0  printf5.o ABSOLUTE
    ../clib/microlib/printf/printf.c         0x00000000   Number         0  printf4.o ABSOLUTE
    ../clib/microlib/printf/printf.c         0x00000000   Number         0  printf3.o ABSOLUTE
    ../clib/microlib/printf/printf.c         0x00000000   Number         0  printf2.o ABSOLUTE
    ../clib/microlib/printf/printf.c         0x00000000   Number         0  printf1.o ABSOLUTE
    ../clib/microlib/printf/printf.c         0x00000000   Number         0  printf0.o ABSOLUTE
    ../clib/microlib/printf/printf.c         0x00000000   Number         0  printfb.o ABSOLUTE
    ../clib/microlib/printf/printf.c         0x00000000   Number         0  printf7.o ABSOLUTE
    ../clib/microlib/printf/stubs.s          0x00000000   Number         0  stubs.o ABSOLUTE
    ../clib/microlib/stdio/getc.c            0x00000000   Number         0  getc.o ABSOLUTE
    ../clib/microlib/stdio/streams.c         0x00000000   Number         0  stdin.o ABSOLUTE
    ../clib/microlib/stdio/streams.c         0x00000000   Number         0  stdout.o ABSOLUTE
    ../clib/microlib/stubs.s                 0x00000000   Number         0  iusefp.o ABSOLUTE
    ../fplib/microlib/fpadd.c                0x00000000   Number         0  dadd.o ABSOLUTE
    ../fplib/microlib/fpdiv.c                0x00000000   Number         0  ddiv.o ABSOLUTE
    ../fplib/microlib/fpepilogue.c           0x00000000   Number         0  depilogue.o ABSOLUTE
    ../fplib/microlib/fpfix.c                0x00000000   Number         0  dfixul.o ABSOLUTE
    ../fplib/microlib/fpmul.c                0x00000000   Number         0  dmul.o ABSOLUTE
    ..\Libraries\CMSIS\core_cm3.c            0x00000000   Number         0  core_cm3.o ABSOLUTE
    ..\Libraries\CMSIS\startup\startup_stm32f10x_hd.s 0x00000000   Number         0  startup_stm32f10x_hd.o ABSOLUTE
    ..\Libraries\CMSIS\system_stm32f10x.c    0x00000000   Number         0  system_stm32f10x.o ABSOLUTE
    ..\Libraries\STM32F10x_StdPeriph_Driver\src\misc.c 0x00000000   Number         0  misc.o ABSOLUTE
    ..\Libraries\STM32F10x_StdPeriph_Driver\src\stm32f10x_adc.c 0x00000000   Number         0  stm32f10x_adc.o ABSOLUTE
    ..\Libraries\STM32F10x_StdPeriph_Driver\src\stm32f10x_bkp.c 0x00000000   Number         0  stm32f10x_bkp.o ABSOLUTE
    ..\Libraries\STM32F10x_StdPeriph_Driver\src\stm32f10x_can.c 0x00000000   Number         0  stm32f10x_can.o ABSOLUTE
    ..\Libraries\STM32F10x_StdPeriph_Driver\src\stm32f10x_cec.c 0x00000000   Number         0  stm32f10x_cec.o ABSOLUTE
    ..\Libraries\STM32F10x_StdPeriph_Driver\src\stm32f10x_crc.c 0x00000000   Number         0  stm32f10x_crc.o ABSOLUTE
    ..\Libraries\STM32F10x_StdPeriph_Driver\src\stm32f10x_dac.c 0x00000000   Number         0  stm32f10x_dac.o ABSOLUTE
    ..\Libraries\STM32F10x_StdPeriph_Driver\src\stm32f10x_dbgmcu.c 0x00000000   Number         0  stm32f10x_dbgmcu.o ABSOLUTE
    ..\Libraries\STM32F10x_StdPeriph_Driver\src\stm32f10x_dma.c 0x00000000   Number         0  stm32f10x_dma.o ABSOLUTE
    ..\Libraries\STM32F10x_StdPeriph_Driver\src\stm32f10x_exti.c 0x00000000   Number         0  stm32f10x_exti.o ABSOLUTE
    ..\Libraries\STM32F10x_StdPeriph_Driver\src\stm32f10x_flash.c 0x00000000   Number         0  stm32f10x_flash.o ABSOLUTE
    ..\Libraries\STM32F10x_StdPeriph_Driver\src\stm32f10x_fsmc.c 0x00000000   Number         0  stm32f10x_fsmc.o ABSOLUTE
    ..\Libraries\STM32F10x_StdPeriph_Driver\src\stm32f10x_gpio.c 0x00000000   Number         0  stm32f10x_gpio.o ABSOLUTE
    ..\Libraries\STM32F10x_StdPeriph_Driver\src\stm32f10x_i2c.c 0x00000000   Number         0  stm32f10x_i2c.o ABSOLUTE
    ..\Libraries\STM32F10x_StdPeriph_Driver\src\stm32f10x_iwdg.c 0x00000000   Number         0  stm32f10x_iwdg.o ABSOLUTE
    ..\Libraries\STM32F10x_StdPeriph_Driver\src\stm32f10x_pwr.c 0x00000000   Number         0  stm32f10x_pwr.o ABSOLUTE
    ..\Libraries\STM32F10x_StdPeriph_Driver\src\stm32f10x_rcc.c 0x00000000   Number         0  stm32f10x_rcc.o ABSOLUTE
    ..\Libraries\STM32F10x_StdPeriph_Driver\src\stm32f10x_rtc.c 0x00000000   Number         0  stm32f10x_rtc.o ABSOLUTE
    ..\Libraries\STM32F10x_StdPeriph_Driver\src\stm32f10x_sdio.c 0x00000000   Number         0  stm32f10x_sdio.o ABSOLUTE
    ..\Libraries\STM32F10x_StdPeriph_Driver\src\stm32f10x_spi.c 0x00000000   Number         0  stm32f10x_spi.o ABSOLUTE
    ..\Libraries\STM32F10x_StdPeriph_Driver\src\stm32f10x_tim.c 0x00000000   Number         0  stm32f10x_tim.o ABSOLUTE
    ..\Libraries\STM32F10x_StdPeriph_Driver\src\stm32f10x_usart.c 0x00000000   Number         0  stm32f10x_usart.o ABSOLUTE
    ..\Libraries\STM32F10x_StdPeriph_Driver\src\stm32f10x_wwdg.c 0x00000000   Number         0  stm32f10x_wwdg.o ABSOLUTE
    ..\User\main.c                           0x00000000   Number         0  main.o ABSOLUTE
    ..\User\stm32f10x_it.c                   0x00000000   Number         0  stm32f10x_it.o ABSOLUTE
    ..\\Libraries\\CMSIS\\core_cm3.c         0x00000000   Number         0  core_cm3.o ABSOLUTE
    bsp_exti.c                               0x00000000   Number         0  bsp_exti.o ABSOLUTE
    bsp_key.c                                0x00000000   Number         0  bsp_key.o ABSOLUTE
    bsp_led.c                                0x00000000   Number         0  bsp_led.o ABSOLUTE
    bsp_usart.c                              0x00000000   Number         0  bsp_usart.o ABSOLUTE
    cdrcmple.s                               0x00000000   Number         0  cdrcmple.o ABSOLUTE
    dc.s                                     0x00000000   Number         0  dc.o ABSOLUTE
    handlers.s                               0x00000000   Number         0  handlers.o ABSOLUTE
    init.s                                   0x00000000   Number         0  init.o ABSOLUTE
    RESET                                    0x08000000   Section      304  startup_stm32f10x_hd.o(RESET)
    .ARM.Collect$$$$00000000                 0x08000130   Section        0  entry.o(.ARM.Collect$$$$00000000)
    .ARM.Collect$$$$00000001                 0x08000130   Section        4  entry2.o(.ARM.Collect$$$$00000001)
    .ARM.Collect$$$$00000004                 0x08000134   Section        4  entry5.o(.ARM.Collect$$$$00000004)
    .ARM.Collect$$$$00000008                 0x08000138   Section        0  entry7b.o(.ARM.Collect$$$$00000008)
    .ARM.Collect$$$$0000000A                 0x08000138   Section        0  entry8b.o(.ARM.Collect$$$$0000000A)
    .ARM.Collect$$$$0000000B                 0x08000138   Section        8  entry9a.o(.ARM.Collect$$$$0000000B)
    .ARM.Collect$$$$0000000D                 0x08000140   Section        0  entry10a.o(.ARM.Collect$$$$0000000D)
    .ARM.Collect$$$$0000000F                 0x08000140   Section        0  entry11a.o(.ARM.Collect$$$$0000000F)
    .ARM.Collect$$$$00002712                 0x08000140   Section        4  entry2.o(.ARM.Collect$$$$00002712)
    __lit__00000000                          0x08000140   Data           4  entry2.o(.ARM.Collect$$$$00002712)
    .text                                    0x08000144   Section       36  startup_stm32f10x_hd.o(.text)
    .text                                    0x08000168   Section        0  uidiv.o(.text)
    .text                                    0x08000194   Section       36  init.o(.text)
    i.BusFault_Handler                       0x080001b8   Section        0  stm32f10x_it.o(i.BusFault_Handler)
    i.DebugMon_Handler                       0x080001bc   Section        0  stm32f10x_it.o(i.DebugMon_Handler)
    i.EXTI0_IRQHandler                       0x080001c0   Section        0  stm32f10x_it.o(i.EXTI0_IRQHandler)
    i.EXTI15_10_IRQHandler                   0x080001e4   Section        0  stm32f10x_it.o(i.EXTI15_10_IRQHandler)
    i.EXTI_ClearITPendingBit                 0x0800020c   Section        0  stm32f10x_exti.o(i.EXTI_ClearITPendingBit)
    i.EXTI_GetITStatus                       0x0800026c   Section        0  stm32f10x_exti.o(i.EXTI_GetITStatus)
    i.EXTI_Init                              0x08000348   Section        0  stm32f10x_exti.o(i.EXTI_Init)
    i.EXTI_Key_Config                        0x08000478   Section        0  bsp_exti.o(i.EXTI_Key_Config)
    i.GPIO_EXTILineConfig                    0x08000504   Section        0  stm32f10x_gpio.o(i.GPIO_EXTILineConfig)
    i.GPIO_Init                              0x080005f8   Section        0  stm32f10x_gpio.o(i.GPIO_Init)
    i.GPIO_ResetBits                         0x080007d0   Section        0  stm32f10x_gpio.o(i.GPIO_ResetBits)
    i.GPIO_SetBits                           0x08000880   Section        0  stm32f10x_gpio.o(i.GPIO_SetBits)
    i.HardFault_Handler                      0x08000930   Section        0  stm32f10x_it.o(i.HardFault_Handler)
    i.LED_Blink                              0x08000934   Section        0  bsp_led.o(i.LED_Blink)
    i.LED_GPIO_Confg                         0x0800095c   Section        0  bsp_led.o(i.LED_GPIO_Confg)
    i.LED_Next_State                         0x080009bc   Section        0  bsp_led.o(i.LED_Next_State)
    i.LED_Prev_State                         0x080009e4   Section        0  bsp_led.o(i.LED_Prev_State)
    i.LED_Set_Color                          0x08000a0c   Section        0  bsp_led.o(i.LED_Set_Color)
    i.MemManage_Handler                      0x08000b48   Section        0  stm32f10x_it.o(i.MemManage_Handler)
    i.NMI_Handler                            0x08000b4c   Section        0  stm32f10x_it.o(i.NMI_Handler)
    i.NVIC_Configuration                     0x08000b4e   Section        0  bsp_exti.o(i.NVIC_Configuration)
    NVIC_Configuration                       0x08000b4f   Thumb Code    50  bsp_exti.o(i.NVIC_Configuration)
    i.NVIC_Init                              0x08000b80   Section        0  misc.o(i.NVIC_Init)
    i.NVIC_PriorityGroupConfig               0x08000c60   Section        0  misc.o(i.NVIC_PriorityGroupConfig)
    i.PendSV_Handler                         0x08000cd4   Section        0  stm32f10x_it.o(i.PendSV_Handler)
    i.RCC_APB2PeriphClockCmd                 0x08000cd8   Section        0  stm32f10x_rcc.o(i.RCC_APB2PeriphClockCmd)
    i.RCC_GetClocksFreq                      0x08000d64   Section        0  stm32f10x_rcc.o(i.RCC_GetClocksFreq)
    i.SVC_Handler                            0x08000e38   Section        0  stm32f10x_it.o(i.SVC_Handler)
    i.SetSysClock                            0x08000e3a   Section        0  system_stm32f10x.o(i.SetSysClock)
    SetSysClock                              0x08000e3b   Thumb Code     8  system_stm32f10x.o(i.SetSysClock)
    i.SetSysClockTo72                        0x08000e44   Section        0  system_stm32f10x.o(i.SetSysClockTo72)
    SetSysClockTo72                          0x08000e45   Thumb Code   214  system_stm32f10x.o(i.SetSysClockTo72)
    i.SysTick_Handler                        0x08000f24   Section        0  stm32f10x_it.o(i.SysTick_Handler)
    i.SysTick_Init                           0x08000f2c   Section        0  bsp_exti.o(i.SysTick_Init)
    i.SystemInit                             0x08000f94   Section        0  system_stm32f10x.o(i.SystemInit)
    i.USART_Cmd                              0x08000ff4   Section        0  stm32f10x_usart.o(i.USART_Cmd)
    i.USART_Config                           0x080010a4   Section        0  bsp_usart.o(i.USART_Config)
    i.USART_GetFlagStatus                    0x08001124   Section        0  stm32f10x_usart.o(i.USART_GetFlagStatus)
    i.USART_Init                             0x08001218   Section        0  stm32f10x_usart.o(i.USART_Init)
    i.USART_ReceiveData                      0x08001434   Section        0  stm32f10x_usart.o(i.USART_ReceiveData)
    i.USART_SendData                         0x080014c0   Section        0  stm32f10x_usart.o(i.USART_SendData)
    i.UsageFault_Handler                     0x08001560   Section        0  stm32f10x_it.o(i.UsageFault_Handler)
    i.__0printf$3                            0x08001564   Section        0  printf3.o(i.__0printf$3)
    i.__scatterload_copy                     0x08001584   Section       14  handlers.o(i.__scatterload_copy)
    i.__scatterload_null                     0x08001592   Section        2  handlers.o(i.__scatterload_null)
    i.__scatterload_zeroinit                 0x08001594   Section       14  handlers.o(i.__scatterload_zeroinit)
    i._printf_core                           0x080015a4   Section        0  printf3.o(i._printf_core)
    _printf_core                             0x080015a5   Thumb Code   436  printf3.o(i._printf_core)
    i.assert_failed                          0x0800175c   Section        0  main.o(i.assert_failed)
    i.fgetc                                  0x0800179c   Section        0  bsp_usart.o(i.fgetc)
    i.fputc                                  0x080017bc   Section        0  bsp_usart.o(i.fputc)
    i.getc                                   0x080017e0   Section        0  getc.o(i.getc)
    i.main                                   0x080017e4   Section        0  main.o(i.main)
    .data                                    0x20000000   Section       20  system_stm32f10x.o(.data)
    .data                                    0x20000014   Section       20  stm32f10x_rcc.o(.data)
    APBAHBPrescTable                         0x20000014   Data          16  stm32f10x_rcc.o(.data)
    ADCPrescTable                            0x20000024   Data           4  stm32f10x_rcc.o(.data)
    .data                                    0x20000028   Section        8  main.o(.data)
    .data                                    0x20000030   Section        4  stdin.o(.data)
    .data                                    0x20000034   Section        4  stdout.o(.data)
    STACK                                    0x20000038   Section     1024  startup_stm32f10x_hd.o(STACK)

    Global Symbols

    Symbol Name                              Value     Ov Type        Size  Object(Section)

    BuildAttributes$$THM_ISAv4$P$D$K$B$S$PE$A:L22UL41UL21$X:L11$S22US41US21$IEEE1$IW$USESV6$~STKCKD$USESV7$~SHL$OSPACE$ROPI$EBA8$MICROLIB$REQ8$PRES8$EABIv2 0x00000000   Number         0  anon$$obj.o ABSOLUTE
    __ARM_use_no_argv                        0x00000000   Number         0  main.o ABSOLUTE
    _printf_a                                0x00000000   Number         0  stubs.o ABSOLUTE
    _printf_c                                0x00000000   Number         0  stubs.o ABSOLUTE
    _printf_charcount                        0x00000000   Number         0  stubs.o ABSOLUTE
    _printf_d                                0x00000000   Number         0  stubs.o ABSOLUTE
    _printf_e                                0x00000000   Number         0  stubs.o ABSOLUTE
    _printf_f                                0x00000000   Number         0  stubs.o ABSOLUTE
    _printf_flags                            0x00000000   Number         0  stubs.o ABSOLUTE
    _printf_fp_dec                           0x00000000   Number         0  stubs.o ABSOLUTE
    _printf_fp_hex                           0x00000000   Number         0  stubs.o ABSOLUTE
    _printf_g                                0x00000000   Number         0  stubs.o ABSOLUTE
    _printf_i                                0x00000000   Number         0  stubs.o ABSOLUTE
    _printf_int_dec                          0x00000000   Number         0  stubs.o ABSOLUTE
    _printf_l                                0x00000000   Number         0  stubs.o ABSOLUTE
    _printf_lc                               0x00000000   Number         0  stubs.o ABSOLUTE
    _printf_ll                               0x00000000   Number         0  stubs.o ABSOLUTE
    _printf_lld                              0x00000000   Number         0  stubs.o ABSOLUTE
    _printf_lli                              0x00000000   Number         0  stubs.o ABSOLUTE
    _printf_llo                              0x00000000   Number         0  stubs.o ABSOLUTE
    _printf_llu                              0x00000000   Number         0  stubs.o ABSOLUTE
    _printf_llx                              0x00000000   Number         0  stubs.o ABSOLUTE
    _printf_longlong_dec                     0x00000000   Number         0  stubs.o ABSOLUTE
    _printf_longlong_hex                     0x00000000   Number         0  stubs.o ABSOLUTE
    _printf_longlong_oct                     0x00000000   Number         0  stubs.o ABSOLUTE
    _printf_ls                               0x00000000   Number         0  stubs.o ABSOLUTE
    _printf_mbtowc                           0x00000000   Number         0  stubs.o ABSOLUTE
    _printf_n                                0x00000000   Number         0  stubs.o ABSOLUTE
    _printf_o                                0x00000000   Number         0  stubs.o ABSOLUTE
    _printf_p                                0x00000000   Number         0  stubs.o ABSOLUTE
    _printf_percent                          0x00000000   Number         0  stubs.o ABSOLUTE
    _printf_pre_padding                      0x00000000   Number         0  stubs.o ABSOLUTE
    _printf_return_value                     0x00000000   Number         0  stubs.o ABSOLUTE
    _printf_s                                0x00000000   Number         0  stubs.o ABSOLUTE
    _printf_sizespec                         0x00000000   Number         0  stubs.o ABSOLUTE
    _printf_str                              0x00000000   Number         0  stubs.o ABSOLUTE
    _printf_truncate_signed                  0x00000000   Number         0  stubs.o ABSOLUTE
    _printf_truncate_unsigned                0x00000000   Number         0  stubs.o ABSOLUTE
    _printf_u                                0x00000000   Number         0  stubs.o ABSOLUTE
    _printf_wc                               0x00000000   Number         0  stubs.o ABSOLUTE
    _printf_wctomb                           0x00000000   Number         0  stubs.o ABSOLUTE
    _printf_widthprec                        0x00000000   Number         0  stubs.o ABSOLUTE
    _printf_x                                0x00000000   Number         0  stubs.o ABSOLUTE
    __cpp_initialize__aeabi_                  - Undefined Weak Reference
    __cxa_finalize                            - Undefined Weak Reference
    __decompress                              - Undefined Weak Reference
    _clock_init                               - Undefined Weak Reference
    _microlib_exit                            - Undefined Weak Reference
    __Vectors_Size                           0x00000130   Number         0  startup_stm32f10x_hd.o ABSOLUTE
    __Vectors                                0x08000000   Data           4  startup_stm32f10x_hd.o(RESET)
    __Vectors_End                            0x08000130   Data           0  startup_stm32f10x_hd.o(RESET)
    __main                                   0x08000131   Thumb Code     0  entry.o(.ARM.Collect$$$$00000000)
    _main_stk                                0x08000131   Thumb Code     0  entry2.o(.ARM.Collect$$$$00000001)
    _main_scatterload                        0x08000135   Thumb Code     0  entry5.o(.ARM.Collect$$$$00000004)
    __main_after_scatterload                 0x08000139   Thumb Code     0  entry5.o(.ARM.Collect$$$$00000004)
    _main_clock                              0x08000139   Thumb Code     0  entry7b.o(.ARM.Collect$$$$00000008)
    _main_cpp_init                           0x08000139   Thumb Code     0  entry8b.o(.ARM.Collect$$$$0000000A)
    _main_init                               0x08000139   Thumb Code     0  entry9a.o(.ARM.Collect$$$$0000000B)
    __rt_final_cpp                           0x08000141   Thumb Code     0  entry10a.o(.ARM.Collect$$$$0000000D)
    __rt_final_exit                          0x08000141   Thumb Code     0  entry11a.o(.ARM.Collect$$$$0000000F)
    Reset_Handler                            0x08000145   Thumb Code     8  startup_stm32f10x_hd.o(.text)
    ADC1_2_IRQHandler                        0x0800015f   Thumb Code     0  startup_stm32f10x_hd.o(.text)
    ADC3_IRQHandler                          0x0800015f   Thumb Code     0  startup_stm32f10x_hd.o(.text)
    CAN1_RX1_IRQHandler                      0x0800015f   Thumb Code     0  startup_stm32f10x_hd.o(.text)
    CAN1_SCE_IRQHandler                      0x0800015f   Thumb Code     0  startup_stm32f10x_hd.o(.text)
    DMA1_Channel1_IRQHandler                 0x0800015f   Thumb Code     0  startup_stm32f10x_hd.o(.text)
    DMA1_Channel2_IRQHandler                 0x0800015f   Thumb Code     0  startup_stm32f10x_hd.o(.text)
    DMA1_Channel3_IRQHandler                 0x0800015f   Thumb Code     0  startup_stm32f10x_hd.o(.text)
    DMA1_Channel4_IRQHandler                 0x0800015f   Thumb Code     0  startup_stm32f10x_hd.o(.text)
    DMA1_Channel5_IRQHandler                 0x0800015f   Thumb Code     0  startup_stm32f10x_hd.o(.text)
    DMA1_Channel6_IRQHandler                 0x0800015f   Thumb Code     0  startup_stm32f10x_hd.o(.text)
    DMA1_Channel7_IRQHandler                 0x0800015f   Thumb Code     0  startup_stm32f10x_hd.o(.text)
    DMA2_Channel1_IRQHandler                 0x0800015f   Thumb Code     0  startup_stm32f10x_hd.o(.text)
    DMA2_Channel2_IRQHandler                 0x0800015f   Thumb Code     0  startup_stm32f10x_hd.o(.text)
    DMA2_Channel3_IRQHandler                 0x0800015f   Thumb Code     0  startup_stm32f10x_hd.o(.text)
    DMA2_Channel4_5_IRQHandler               0x0800015f   Thumb Code     0  startup_stm32f10x_hd.o(.text)
    EXTI1_IRQHandler                         0x0800015f   Thumb Code     0  startup_stm32f10x_hd.o(.text)
    EXTI2_IRQHandler                         0x0800015f   Thumb Code     0  startup_stm32f10x_hd.o(.text)
    EXTI3_IRQHandler                         0x0800015f   Thumb Code     0  startup_stm32f10x_hd.o(.text)
    EXTI4_IRQHandler                         0x0800015f   Thumb Code     0  startup_stm32f10x_hd.o(.text)
    EXTI9_5_IRQHandler                       0x0800015f   Thumb Code     0  startup_stm32f10x_hd.o(.text)
    FLASH_IRQHandler                         0x0800015f   Thumb Code     0  startup_stm32f10x_hd.o(.text)
    FSMC_IRQHandler                          0x0800015f   Thumb Code     0  startup_stm32f10x_hd.o(.text)
    I2C1_ER_IRQHandler                       0x0800015f   Thumb Code     0  startup_stm32f10x_hd.o(.text)
    I2C1_EV_IRQHandler                       0x0800015f   Thumb Code     0  startup_stm32f10x_hd.o(.text)
    I2C2_ER_IRQHandler                       0x0800015f   Thumb Code     0  startup_stm32f10x_hd.o(.text)
    I2C2_EV_IRQHandler                       0x0800015f   Thumb Code     0  startup_stm32f10x_hd.o(.text)
    PVD_IRQHandler                           0x0800015f   Thumb Code     0  startup_stm32f10x_hd.o(.text)
    RCC_IRQHandler                           0x0800015f   Thumb Code     0  startup_stm32f10x_hd.o(.text)
    RTCAlarm_IRQHandler                      0x0800015f   Thumb Code     0  startup_stm32f10x_hd.o(.text)
    RTC_IRQHandler                           0x0800015f   Thumb Code     0  startup_stm32f10x_hd.o(.text)
    SDIO_IRQHandler                          0x0800015f   Thumb Code     0  startup_stm32f10x_hd.o(.text)
    SPI1_IRQHandler                          0x0800015f   Thumb Code     0  startup_stm32f10x_hd.o(.text)
    SPI2_IRQHandler                          0x0800015f   Thumb Code     0  startup_stm32f10x_hd.o(.text)
    SPI3_IRQHandler                          0x0800015f   Thumb Code     0  startup_stm32f10x_hd.o(.text)
    TAMPER_IRQHandler                        0x0800015f   Thumb Code     0  startup_stm32f10x_hd.o(.text)
    TIM1_BRK_IRQHandler                      0x0800015f   Thumb Code     0  startup_stm32f10x_hd.o(.text)
    TIM1_CC_IRQHandler                       0x0800015f   Thumb Code     0  startup_stm32f10x_hd.o(.text)
    TIM1_TRG_COM_IRQHandler                  0x0800015f   Thumb Code     0  startup_stm32f10x_hd.o(.text)
    TIM1_UP_IRQHandler                       0x0800015f   Thumb Code     0  startup_stm32f10x_hd.o(.text)
    TIM2_IRQHandler                          0x0800015f   Thumb Code     0  startup_stm32f10x_hd.o(.text)
    TIM3_IRQHandler                          0x0800015f   Thumb Code     0  startup_stm32f10x_hd.o(.text)
    TIM4_IRQHandler                          0x0800015f   Thumb Code     0  startup_stm32f10x_hd.o(.text)
    TIM5_IRQHandler                          0x0800015f   Thumb Code     0  startup_stm32f10x_hd.o(.text)
    TIM6_IRQHandler                          0x0800015f   Thumb Code     0  startup_stm32f10x_hd.o(.text)
    TIM7_IRQHandler                          0x0800015f   Thumb Code     0  startup_stm32f10x_hd.o(.text)
    TIM8_BRK_IRQHandler                      0x0800015f   Thumb Code     0  startup_stm32f10x_hd.o(.text)
    TIM8_CC_IRQHandler                       0x0800015f   Thumb Code     0  startup_stm32f10x_hd.o(.text)
    TIM8_TRG_COM_IRQHandler                  0x0800015f   Thumb Code     0  startup_stm32f10x_hd.o(.text)
    TIM8_UP_IRQHandler                       0x0800015f   Thumb Code     0  startup_stm32f10x_hd.o(.text)
    UART4_IRQHandler                         0x0800015f   Thumb Code     0  startup_stm32f10x_hd.o(.text)
    UART5_IRQHandler                         0x0800015f   Thumb Code     0  startup_stm32f10x_hd.o(.text)
    USART1_IRQHandler                        0x0800015f   Thumb Code     0  startup_stm32f10x_hd.o(.text)
    USART2_IRQHandler                        0x0800015f   Thumb Code     0  startup_stm32f10x_hd.o(.text)
    USART3_IRQHandler                        0x0800015f   Thumb Code     0  startup_stm32f10x_hd.o(.text)
    USBWakeUp_IRQHandler                     0x0800015f   Thumb Code     0  startup_stm32f10x_hd.o(.text)
    USB_HP_CAN1_TX_IRQHandler                0x0800015f   Thumb Code     0  startup_stm32f10x_hd.o(.text)
    USB_LP_CAN1_RX0_IRQHandler               0x0800015f   Thumb Code     0  startup_stm32f10x_hd.o(.text)
    WWDG_IRQHandler                          0x0800015f   Thumb Code     0  startup_stm32f10x_hd.o(.text)
    __aeabi_uidiv                            0x08000169   Thumb Code     0  uidiv.o(.text)
    __aeabi_uidivmod                         0x08000169   Thumb Code    44  uidiv.o(.text)
    __scatterload                            0x08000195   Thumb Code    28  init.o(.text)
    __scatterload_rt2                        0x08000195   Thumb Code     0  init.o(.text)
    BusFault_Handler                         0x080001b9   Thumb Code     4  stm32f10x_it.o(i.BusFault_Handler)
    DebugMon_Handler                         0x080001bd   Thumb Code     2  stm32f10x_it.o(i.DebugMon_Handler)
    EXTI0_IRQHandler                         0x080001c1   Thumb Code    30  stm32f10x_it.o(i.EXTI0_IRQHandler)
    EXTI15_10_IRQHandler                     0x080001e5   Thumb Code    34  stm32f10x_it.o(i.EXTI15_10_IRQHandler)
    EXTI_ClearITPendingBit                   0x0800020d   Thumb Code    28  stm32f10x_exti.o(i.EXTI_ClearITPendingBit)
    EXTI_GetITStatus                         0x0800026d   Thumb Code   152  stm32f10x_exti.o(i.EXTI_GetITStatus)
    EXTI_Init                                0x08000349   Thumb Code   236  stm32f10x_exti.o(i.EXTI_Init)
    EXTI_Key_Config                          0x08000479   Thumb Code   132  bsp_exti.o(i.EXTI_Key_Config)
    GPIO_EXTILineConfig                      0x08000505   Thumb Code   176  stm32f10x_gpio.o(i.GPIO_EXTILineConfig)
    GPIO_Init                                0x080005f9   Thumb Code   378  stm32f10x_gpio.o(i.GPIO_Init)
    GPIO_ResetBits                           0x080007d1   Thumb Code    82  stm32f10x_gpio.o(i.GPIO_ResetBits)
    GPIO_SetBits                             0x08000881   Thumb Code    82  stm32f10x_gpio.o(i.GPIO_SetBits)
    HardFault_Handler                        0x08000931   Thumb Code     4  stm32f10x_it.o(i.HardFault_Handler)
    LED_Blink                                0x08000935   Thumb Code    34  bsp_led.o(i.LED_Blink)
    LED_GPIO_Confg                           0x0800095d   Thumb Code    90  bsp_led.o(i.LED_GPIO_Confg)
    LED_Next_State                           0x080009bd   Thumb Code    34  bsp_led.o(i.LED_Next_State)
    LED_Prev_State                           0x080009e5   Thumb Code    34  bsp_led.o(i.LED_Prev_State)
    LED_Set_Color                            0x08000a0d   Thumb Code   298  bsp_led.o(i.LED_Set_Color)
    MemManage_Handler                        0x08000b49   Thumb Code     4  stm32f10x_it.o(i.MemManage_Handler)
    NMI_Handler                              0x08000b4d   Thumb Code     2  stm32f10x_it.o(i.NMI_Handler)
    NVIC_Init                                0x08000b81   Thumb Code   158  misc.o(i.NVIC_Init)
    NVIC_PriorityGroupConfig                 0x08000c61   Thumb Code    54  misc.o(i.NVIC_PriorityGroupConfig)
    PendSV_Handler                           0x08000cd5   Thumb Code     2  stm32f10x_it.o(i.PendSV_Handler)
    RCC_APB2PeriphClockCmd                   0x08000cd9   Thumb Code    70  stm32f10x_rcc.o(i.RCC_APB2PeriphClockCmd)
    RCC_GetClocksFreq                        0x08000d65   Thumb Code   192  stm32f10x_rcc.o(i.RCC_GetClocksFreq)
    SVC_Handler                              0x08000e39   Thumb Code     2  stm32f10x_it.o(i.SVC_Handler)
    SysTick_Handler                          0x08000f25   Thumb Code     8  stm32f10x_it.o(i.SysTick_Handler)
    SysTick_Init                             0x08000f2d   Thumb Code    92  bsp_exti.o(i.SysTick_Init)
    SystemInit                               0x08000f95   Thumb Code    78  system_stm32f10x.o(i.SystemInit)
    USART_Cmd                                0x08000ff5   Thumb Code    90  stm32f10x_usart.o(i.USART_Cmd)
    USART_Config                             0x080010a5   Thumb Code   120  bsp_usart.o(i.USART_Config)
    USART_GetFlagStatus                      0x08001125   Thumb Code   158  stm32f10x_usart.o(i.USART_GetFlagStatus)
    USART_Init                               0x08001219   Thumb Code   450  stm32f10x_usart.o(i.USART_Init)
    USART_ReceiveData                        0x08001435   Thumb Code    54  stm32f10x_usart.o(i.USART_ReceiveData)
    USART_SendData                           0x080014c1   Thumb Code    74  stm32f10x_usart.o(i.USART_SendData)
    UsageFault_Handler                       0x08001561   Thumb Code     4  stm32f10x_it.o(i.UsageFault_Handler)
    __0printf$3                              0x08001565   Thumb Code    22  printf3.o(i.__0printf$3)
    __1printf$3                              0x08001565   Thumb Code     0  printf3.o(i.__0printf$3)
    __2printf                                0x08001565   Thumb Code     0  printf3.o(i.__0printf$3)
    __scatterload_copy                       0x08001585   Thumb Code    14  handlers.o(i.__scatterload_copy)
    __scatterload_null                       0x08001593   Thumb Code     2  handlers.o(i.__scatterload_null)
    __scatterload_zeroinit                   0x08001595   Thumb Code    14  handlers.o(i.__scatterload_zeroinit)
    assert_failed                            0x0800175d   Thumb Code    24  main.o(i.assert_failed)
    fgetc                                    0x0800179d   Thumb Code    26  bsp_usart.o(i.fgetc)
    fputc                                    0x080017bd   Thumb Code    32  bsp_usart.o(i.fputc)
    getc                                     0x080017e1   Thumb Code     4  getc.o(i.getc)
    main                                     0x080017e5   Thumb Code    54  main.o(i.main)
    Region$$Table$$Base                      0x0800183c   Number         0  anon$$obj.o(Region$$Table)
    Region$$Table$$Limit                     0x0800185c   Number         0  anon$$obj.o(Region$$Table)
    SystemCoreClock                          0x20000000   Data           4  system_stm32f10x.o(.data)
    AHBPrescTable                            0x20000004   Data          16  system_stm32f10x.o(.data)
    led_state                                0x20000028   Data           4  main.o(.data)
    led_delay_ms                             0x2000002c   Data           4  main.o(.data)
    __stdin                                  0x20000030   Data           4  stdin.o(.data)
    __stdout                                 0x20000034   Data           4  stdout.o(.data)
    __initial_sp                             0x20000438   Data           0  startup_stm32f10x_hd.o(STACK)



==============================================================================

Memory Map of the image

  Image Entry point : 0x08000131

  Load Region LR_IROM1 (Base: 0x08000000, Size: 0x00001894, Max: 0x00080000, ABSOLUTE)

    Execution Region ER_IROM1 (Exec base: 0x08000000, Load base: 0x08000000, Size: 0x0000185c, Max: 0x00080000, ABSOLUTE)

    Exec Addr    Load Addr    Size         Type   Attr      Idx    E Section Name        Object

    0x08000000   0x08000000   0x00000130   Data   RO            3    RESET               startup_stm32f10x_hd.o
    0x08000130   0x08000130   0x00000000   Code   RO         3370  * .ARM.Collect$$$$00000000  mc_w.l(entry.o)
    0x08000130   0x08000130   0x00000004   Code   RO         3637    .ARM.Collect$$$$00000001  mc_w.l(entry2.o)
    0x08000134   0x08000134   0x00000004   Code   RO         3640    .ARM.Collect$$$$00000004  mc_w.l(entry5.o)
    0x08000138   0x08000138   0x00000000   Code   RO         3642    .ARM.Collect$$$$00000008  mc_w.l(entry7b.o)
    0x08000138   0x08000138   0x00000000   Code   RO         3644    .ARM.Collect$$$$0000000A  mc_w.l(entry8b.o)
    0x08000138   0x08000138   0x00000008   Code   RO         3645    .ARM.Collect$$$$0000000B  mc_w.l(entry9a.o)
    0x08000140   0x08000140   0x00000000   Code   RO         3647    .ARM.Collect$$$$0000000D  mc_w.l(entry10a.o)
    0x08000140   0x08000140   0x00000000   Code   RO         3649    .ARM.Collect$$$$0000000F  mc_w.l(entry11a.o)
    0x08000140   0x08000140   0x00000004   Code   RO         3638    .ARM.Collect$$$$00002712  mc_w.l(entry2.o)
    0x08000144   0x08000144   0x00000024   Code   RO            4    .text               startup_stm32f10x_hd.o
    0x08000168   0x08000168   0x0000002c   Code   RO         3652    .text               mc_w.l(uidiv.o)
    0x08000194   0x08000194   0x00000024   Code   RO         3667    .text               mc_w.l(init.o)
    0x080001b8   0x080001b8   0x00000004   Code   RO         3151    i.BusFault_Handler  stm32f10x_it.o
    0x080001bc   0x080001bc   0x00000002   Code   RO         3152    i.DebugMon_Handler  stm32f10x_it.o
    0x080001be   0x080001be   0x00000002   PAD
    0x080001c0   0x080001c0   0x00000024   Code   RO         3153    i.EXTI0_IRQHandler  stm32f10x_it.o
    0x080001e4   0x080001e4   0x00000028   Code   RO         3154    i.EXTI15_10_IRQHandler  stm32f10x_it.o
    0x0800020c   0x0800020c   0x00000060   Code   RO          939    i.EXTI_ClearITPendingBit  stm32f10x_exti.o
    0x0800026c   0x0800026c   0x000000dc   Code   RO          943    i.EXTI_GetITStatus  stm32f10x_exti.o
    0x08000348   0x08000348   0x00000130   Code   RO          944    i.EXTI_Init         stm32f10x_exti.o
    0x08000478   0x08000478   0x0000008c   Code   RO         3291    i.EXTI_Key_Config   bsp_exti.o
    0x08000504   0x08000504   0x000000f4   Code   RO         1289    i.GPIO_EXTILineConfig  stm32f10x_gpio.o
    0x080005f8   0x080005f8   0x000001d8   Code   RO         1292    i.GPIO_Init         stm32f10x_gpio.o
    0x080007d0   0x080007d0   0x000000b0   Code   RO         1299    i.GPIO_ResetBits    stm32f10x_gpio.o
    0x08000880   0x08000880   0x000000b0   Code   RO         1300    i.GPIO_SetBits      stm32f10x_gpio.o
    0x08000930   0x08000930   0x00000004   Code   RO         3155    i.HardFault_Handler  stm32f10x_it.o
    0x08000934   0x08000934   0x00000028   Code   RO         3230    i.LED_Blink         bsp_led.o
    0x0800095c   0x0800095c   0x00000060   Code   RO         3231    i.LED_GPIO_Confg    bsp_led.o
    0x080009bc   0x080009bc   0x00000028   Code   RO         3232    i.LED_Next_State    bsp_led.o
    0x080009e4   0x080009e4   0x00000028   Code   RO         3233    i.LED_Prev_State    bsp_led.o
    0x08000a0c   0x08000a0c   0x0000013c   Code   RO         3234    i.LED_Set_Color     bsp_led.o
    0x08000b48   0x08000b48   0x00000004   Code   RO         3156    i.MemManage_Handler  stm32f10x_it.o
    0x08000b4c   0x08000b4c   0x00000002   Code   RO         3157    i.NMI_Handler       stm32f10x_it.o
    0x08000b4e   0x08000b4e   0x00000032   Code   RO         3292    i.NVIC_Configuration  bsp_exti.o
    0x08000b80   0x08000b80   0x000000e0   Code   RO          137    i.NVIC_Init         misc.o
    0x08000c60   0x08000c60   0x00000074   Code   RO          138    i.NVIC_PriorityGroupConfig  misc.o
    0x08000cd4   0x08000cd4   0x00000002   Code   RO         3158    i.PendSV_Handler    stm32f10x_it.o
    0x08000cd6   0x08000cd6   0x00000002   PAD
    0x08000cd8   0x08000cd8   0x0000008c   Code   RO         1710    i.RCC_APB2PeriphClockCmd  stm32f10x_rcc.o
    0x08000d64   0x08000d64   0x000000d4   Code   RO         1718    i.RCC_GetClocksFreq  stm32f10x_rcc.o
    0x08000e38   0x08000e38   0x00000002   Code   RO         3159    i.SVC_Handler       stm32f10x_it.o
    0x08000e3a   0x08000e3a   0x00000008   Code   RO           24    i.SetSysClock       system_stm32f10x.o
    0x08000e42   0x08000e42   0x00000002   PAD
    0x08000e44   0x08000e44   0x000000e0   Code   RO           25    i.SetSysClockTo72   system_stm32f10x.o
    0x08000f24   0x08000f24   0x00000008   Code   RO         3160    i.SysTick_Handler   stm32f10x_it.o
    0x08000f2c   0x08000f2c   0x00000068   Code   RO         3293    i.SysTick_Init      bsp_exti.o
    0x08000f94   0x08000f94   0x00000060   Code   RO           27    i.SystemInit        system_stm32f10x.o
    0x08000ff4   0x08000ff4   0x000000b0   Code   RO         2878    i.USART_Cmd         stm32f10x_usart.o
    0x080010a4   0x080010a4   0x00000080   Code   RO         3321    i.USART_Config      bsp_usart.o
    0x08001124   0x08001124   0x000000f4   Code   RO         2881    i.USART_GetFlagStatus  stm32f10x_usart.o
    0x08001218   0x08001218   0x0000021c   Code   RO         2885    i.USART_Init        stm32f10x_usart.o
    0x08001434   0x08001434   0x0000008c   Code   RO         2892    i.USART_ReceiveData  stm32f10x_usart.o
    0x080014c0   0x080014c0   0x000000a0   Code   RO         2895    i.USART_SendData    stm32f10x_usart.o
    0x08001560   0x08001560   0x00000004   Code   RO         3161    i.UsageFault_Handler  stm32f10x_it.o
    0x08001564   0x08001564   0x00000020   Code   RO         3465    i.__0printf$3       mc_w.l(printf3.o)
    0x08001584   0x08001584   0x0000000e   Code   RO         3679    i.__scatterload_copy  mc_w.l(handlers.o)
    0x08001592   0x08001592   0x00000002   Code   RO         3680    i.__scatterload_null  mc_w.l(handlers.o)
    0x08001594   0x08001594   0x0000000e   Code   RO         3681    i.__scatterload_zeroinit  mc_w.l(handlers.o)
    0x080015a2   0x080015a2   0x00000002   PAD
    0x080015a4   0x080015a4   0x000001b8   Code   RO         3472    i._printf_core      mc_w.l(printf3.o)
    0x0800175c   0x0800175c   0x00000040   Code   RO         3108    i.assert_failed     main.o
    0x0800179c   0x0800179c   0x00000020   Code   RO         3325    i.fgetc             bsp_usart.o
    0x080017bc   0x080017bc   0x00000024   Code   RO         3326    i.fputc             bsp_usart.o
    0x080017e0   0x080017e0   0x00000004   Code   RO         3373    i.getc              mc_w.l(getc.o)
    0x080017e4   0x080017e4   0x00000058   Code   RO         3110    i.main              main.o
    0x0800183c   0x0800183c   0x00000020   Data   RO         3677    Region$$Table       anon$$obj.o


    Execution Region RW_IRAM1 (Exec base: 0x20000000, Load base: 0x0800185c, Size: 0x00000438, Max: 0x00010000, ABSOLUTE)

    Exec Addr    Load Addr    Size         Type   Attr      Idx    E Section Name        Object

    0x20000000   0x0800185c   0x00000014   Data   RW           28    .data               system_stm32f10x.o
    0x20000014   0x08001870   0x00000014   Data   RW         1738    .data               stm32f10x_rcc.o
    0x20000028   0x08001884   0x00000008   Data   RW         3111    .data               main.o
    0x20000030   0x0800188c   0x00000004   Data   RW         3375    .data               mc_w.l(stdin.o)
    0x20000034   0x08001890   0x00000004   Data   RW         3651    .data               mc_w.l(stdout.o)
    0x20000038        -       0x00000400   Zero   RW            1    STACK               startup_stm32f10x_hd.o


==============================================================================

Image component sizes


      Code (inc. data)   RO Data    RW Data    ZI Data      Debug   Object Name

       294         20          0          0          0      16676   bsp_exti.o
       532         52          0          0          0       2339   bsp_led.o
       196         18          0          0          0       3151   bsp_usart.o
         0          0          0          0          0       4500   core_cm3.o
       152         74          0          8          0       1732   main.o
       340        128          0          0          0       1847   misc.o
        36          8        304          0       1024        844   startup_stm32f10x_hd.o
       620        204          0          0          0       2580   stm32f10x_exti.o
      1068        350          0          0          0       4322   stm32f10x_gpio.o
       108         12          0          0          0       4608   stm32f10x_it.o
       352         90          0         20          0       4133   stm32f10x_rcc.o
      1260        434          0          0          0       5284   stm32f10x_usart.o
       328         28          0         20          0     232553   system_stm32f10x.o

    ----------------------------------------------------------------------
      5292       1418        336         48       1024     284569   Object Totals
         0          0         32          0          0          0   (incl. Generated)
         6          0          0          0          0          0   (incl. Padding)

    ----------------------------------------------------------------------

      Code (inc. data)   RO Data    RW Data    ZI Data      Debug   Library Member Name

         0          0          0          0          0          0   entry.o
         0          0          0          0          0          0   entry10a.o
         0          0          0          0          0          0   entry11a.o
         8          4          0          0          0          0   entry2.o
         4          0          0          0          0          0   entry5.o
         0          0          0          0          0          0   entry7b.o
         0          0          0          0          0          0   entry8b.o
         8          4          0          0          0          0   entry9a.o
         4          0          0          0          0         68   getc.o
        30          0          0          0          0          0   handlers.o
        36          8          0          0          0         68   init.o
       472         14          0          0          0        184   printf3.o
         0          0          0          4          0          0   stdin.o
         0          0          0          4          0          0   stdout.o
        44          0          0          0          0         80   uidiv.o

    ----------------------------------------------------------------------
       608         30          0          8          0        400   Library Totals
         2          0          0          0          0          0   (incl. Padding)

    ----------------------------------------------------------------------

      Code (inc. data)   RO Data    RW Data    ZI Data      Debug   Library Name

       606         30          0          8          0        400   mc_w.l

    ----------------------------------------------------------------------
       608         30          0          8          0        400   Library Totals

    ----------------------------------------------------------------------

==============================================================================


      Code (inc. data)   RO Data    RW Data    ZI Data      Debug   

      5900       1448        336         56       1024     282833   Grand Totals
      5900       1448        336         56       1024     282833   ELF Image Totals
      5900       1448        336         56          0          0   ROM Totals

==============================================================================

    Total RO  Size (Code + RO Data)                 6236 (   6.09kB)
    Total RW  Size (RW Data + ZI Data)              1080 (   1.05kB)
    Total ROM Size (Code + RO Data + RW Data)       6292 (   6.14kB)

==============================================================================

